Component: Arm Compiler for Embedded 6.24 Tool: armlink [5f371500]

==============================================================================

Section Cross References

    startup_stm32f103xb.o(STACK) refers (Special) to heapauxi.o(.text) for __use_two_region_memory
    startup_stm32f103xb.o(HEAP) refers (Special) to heapauxi.o(.text) for __use_two_region_memory
    startup_stm32f103xb.o(RESET) refers (Special) to heapauxi.o(.text) for __use_two_region_memory
    startup_stm32f103xb.o(RESET) refers to startup_stm32f103xb.o(STACK) for __initial_sp
    startup_stm32f103xb.o(RESET) refers to startup_stm32f103xb.o(.text) for Reset_Handler
    startup_stm32f103xb.o(RESET) refers to stm32f1xx_it.o(.text.NMI_Handler) for NMI_Handler
    startup_stm32f103xb.o(RESET) refers to stm32f1xx_it.o(.text.HardFault_Handler) for HardFault_Handler
    startup_stm32f103xb.o(RESET) refers to stm32f1xx_it.o(.text.MemManage_Handler) for MemManage_Handler
    startup_stm32f103xb.o(RESET) refers to stm32f1xx_it.o(.text.BusFault_Handler) for BusFault_Handler
    startup_stm32f103xb.o(RESET) refers to stm32f1xx_it.o(.text.UsageFault_Handler) for UsageFault_Handler
    startup_stm32f103xb.o(RESET) refers to irq_armv7m.o(.text) for SVC_Handler
    startup_stm32f103xb.o(RESET) refers to stm32f1xx_it.o(.text.DebugMon_Handler) for DebugMon_Handler
    startup_stm32f103xb.o(RESET) refers to stm32f1xx_it.o(.text.DMA1_Channel6_IRQHandler) for DMA1_Channel6_IRQHandler
    startup_stm32f103xb.o(RESET) refers to stm32f1xx_it.o(.text.DMA1_Channel7_IRQHandler) for DMA1_Channel7_IRQHandler
    startup_stm32f103xb.o(RESET) refers to stm32f1xx_it.o(.text.USART2_IRQHandler) for USART2_IRQHandler
    startup_stm32f103xb.o(RESET) refers to stm32f1xx_it.o(.text.EXTI15_10_IRQHandler) for EXTI15_10_IRQHandler
    startup_stm32f103xb.o(.text) refers (Special) to heapauxi.o(.text) for __use_two_region_memory
    startup_stm32f103xb.o(.text) refers to system_stm32f1xx.o(.text.SystemInit) for SystemInit
    startup_stm32f103xb.o(.text) refers to __main.o(!!!main) for __main
    startup_stm32f103xb.o(.text) refers to startup_stm32f103xb.o(HEAP) for Heap_Mem
    startup_stm32f103xb.o(.text) refers to startup_stm32f103xb.o(STACK) for Stack_Mem
    main.o(.text.main) refers to stm32f1xx_hal.o(.text.HAL_Init) for HAL_Init
    main.o(.text.main) refers to stm32f1xx_hal_rcc.o(.text.HAL_RCC_OscConfig) for HAL_RCC_OscConfig
    main.o(.text.main) refers to stm32f1xx_hal_rcc.o(.text.HAL_RCC_ClockConfig) for HAL_RCC_ClockConfig
    main.o(.text.main) refers to stm32f1xx_hal_gpio.o(.text.HAL_GPIO_Init) for HAL_GPIO_Init
    main.o(.text.main) refers to stm32f1xx_hal_cortex.o(.text.HAL_NVIC_SetPriority) for HAL_NVIC_SetPriority
    main.o(.text.main) refers to stm32f1xx_hal_cortex.o(.text.HAL_NVIC_EnableIRQ) for HAL_NVIC_EnableIRQ
    main.o(.text.main) refers to main.o(.bss.huart2) for huart2
    main.o(.text.main) refers to stm32f1xx_hal_uart.o(.text.HAL_UART_Init) for HAL_UART_Init
    main.o(.text.main) refers to stm32f1xx_hal_uart.o(.text.HAL_UART_Transmit) for HAL_UART_Transmit
    main.o(.text.main) refers to rtx_kernel.o(.text.osKernelInitialize) for osKernelInitialize
    main.o(.text.main) refers to main.o(.text.irTask) for irTask
    main.o(.text.main) refers to main.o(.rodata.irTaskAttr) for irTaskAttr
    main.o(.text.main) refers to rtx_thread.o(.text.osThreadNew) for osThreadNew
    main.o(.text.main) refers to main.o(.bss..L_MergedGlobals) for .L_MergedGlobals
    main.o(.text.main) refers to rtx_kernel.o(.text.osKernelStart) for osKernelStart
    main.o(.ARM.exidx.text.main) refers to main.o(.text.main) for [Anonymous Symbol]
    main.o(.text.SystemClock_Config) refers to stm32f1xx_hal_rcc.o(.text.HAL_RCC_OscConfig) for HAL_RCC_OscConfig
    main.o(.text.SystemClock_Config) refers to stm32f1xx_hal_rcc.o(.text.HAL_RCC_ClockConfig) for HAL_RCC_ClockConfig
    main.o(.ARM.exidx.text.SystemClock_Config) refers to main.o(.text.SystemClock_Config) for [Anonymous Symbol]
    main.o(.text.irTask) refers to main.o(.bss..L_MergedGlobals) for .L_MergedGlobals
    main.o(.text.irTask) refers to main.o(.bss.ir_buffer) for ir_buffer
    main.o(.text.irTask) refers to stm32f1xx_hal_uart.o(.text.HAL_UART_Transmit_DMA) for HAL_UART_Transmit_DMA
    main.o(.text.irTask) refers to rtx_thread.o(.text.osThreadFlagsWait) for osThreadFlagsWait
    main.o(.text.irTask) refers to main.o(.bss.huart2) for huart2
    main.o(.text.irTask) refers to main.o(.rodata.str1.1) for Hex2.hex
    main.o(.text.irTask) refers to strlen.o(.text) for strlen
    main.o(.ARM.exidx.text.irTask) refers to main.o(.text.irTask) for [Anonymous Symbol]
    main.o(.text.HAL_GPIO_EXTI_Callback) refers to main.o(.bss..L_MergedGlobals) for .L_MergedGlobals
    main.o(.text.HAL_GPIO_EXTI_Callback) refers to main.o(.bss.ir_buffer) for ir_buffer
[...]
    [Anonymous Symbol]                       0x080004a0   Section        0  stm32f1xx_hal_dma.o(.text.HAL_DMA_Abort)
    [Anonymous Symbol]                       0x080004e8   Section        0  stm32f1xx_hal_dma.o(.text.HAL_DMA_Abort_IT)
    [Anonymous Symbol]                       0x080005a0   Section        0  stm32f1xx_hal_dma.o(.text.HAL_DMA_IRQHandler)
    [Anonymous Symbol]                       0x08000740   Section        0  stm32f1xx_hal_dma.o(.text.HAL_DMA_Init)
    [Anonymous Symbol]                       0x080007c4   Section        0  stm32f1xx_hal_dma.o(.text.HAL_DMA_Start_IT)
    [Anonymous Symbol]                       0x08000864   Section        0  main.o(.text.HAL_GPIO_EXTI_Callback)
    [Anonymous Symbol]                       0x08000910   Section        0  stm32f1xx_hal_gpio.o(.text.HAL_GPIO_EXTI_IRQHandler)
    [Anonymous Symbol]                       0x08000928   Section        0  stm32f1xx_hal_gpio.o(.text.HAL_GPIO_Init)
    [Anonymous Symbol]                       0x08000b38   Section        0  main.o(.text.HAL_GetTick)
    [Anonymous Symbol]                       0x08000b3c   Section        0  stm32f1xx_hal.o(.text.HAL_Init)
    [Anonymous Symbol]                       0x08000b64   Section        0  main.o(.text.HAL_InitTick)
    [Anonymous Symbol]                       0x08000b68   Section        0  stm32f1xx_hal_msp.o(.text.HAL_MspInit)
    [Anonymous Symbol]                       0x08000bac   Section        0  stm32f1xx_hal_cortex.o(.text.HAL_NVIC_EnableIRQ)
    [Anonymous Symbol]                       0x08000bd0   Section        0  stm32f1xx_hal_cortex.o(.text.HAL_NVIC_SetPriority)
    [Anonymous Symbol]                       0x08000c28   Section        0  stm32f1xx_hal_cortex.o(.text.HAL_NVIC_SetPriorityGrouping)
    [Anonymous Symbol]                       0x08000c48   Section        0  stm32f1xx_hal_rcc.o(.text.HAL_RCC_ClockConfig)
    [Anonymous Symbol]                       0x08000e04   Section        0  stm32f1xx_hal_rcc.o(.text.HAL_RCC_GetPCLK1Freq)
    [Anonymous Symbol]                       0x08000e2c   Section        0  stm32f1xx_hal_rcc.o(.text.HAL_RCC_GetPCLK2Freq)
    [Anonymous Symbol]                       0x08000e54   Section        0  stm32f1xx_hal_rcc.o(.text.HAL_RCC_OscConfig)
    [Anonymous Symbol]                       0x08001254   Section        0  stm32f1xx_hal_uart.o(.text.HAL_UARTEx_RxEventCallback)
    [Anonymous Symbol]                       0x08001258   Section        0  stm32f1xx_hal_uart.o(.text.HAL_UART_ErrorCallback)
    [Anonymous Symbol]                       0x0800125c   Section        0  stm32f1xx_hal_uart.o(.text.HAL_UART_IRQHandler)
    [Anonymous Symbol]                       0x080017cc   Section        0  stm32f1xx_hal_uart.o(.text.HAL_UART_Init)
    [Anonymous Symbol]                       0x080018b0   Section        0  stm32f1xx_hal_msp.o(.text.HAL_UART_MspInit)
    [Anonymous Symbol]                       0x080019a8   Section        0  stm32f1xx_hal_uart.o(.text.HAL_UART_RxCpltCallback)
    [Anonymous Symbol]                       0x080019ac   Section        0  stm32f1xx_hal_uart.o(.text.HAL_UART_Transmit)
    [Anonymous Symbol]                       0x08001b40   Section        0  stm32f1xx_hal_uart.o(.text.HAL_UART_Transmit_DMA)
    [Anonymous Symbol]                       0x08001c04   Section        0  main.o(.text.HAL_UART_TxCpltCallback)
    [Anonymous Symbol]                       0x08001c24   Section        0  stm32f1xx_hal_uart.o(.text.HAL_UART_TxHalfCpltCallback)
    [Anonymous Symbol]                       0x08001c28   Section        0  stm32f1xx_it.o(.text.HardFault_Handler)
    [Anonymous Symbol]                       0x08001c2c   Section        0  stm32f1xx_it.o(.text.MemManage_Handler)
    [Anonymous Symbol]                       0x08001c30   Section        0  stm32f1xx_it.o(.text.NMI_Handler)
    [Anonymous Symbol]                       0x08001c34   Section        0  os_systick.o(.text.OS_Tick_AcknowledgeIRQ)
    [Anonymous Symbol]                       0x08001c40   Section        0  os_systick.o(.text.OS_Tick_Enable)
    [Anonymous Symbol]                       0x08001c74   Section        0  os_systick.o(.text.OS_Tick_GetIRQn)
    [Anonymous Symbol]                       0x08001c7c   Section        0  os_systick.o(.text.OS_Tick_Setup)
    [Anonymous Symbol]                       0x08001cc4   Section        0  system_stm32f1xx.o(.text.SystemInit)
    UART_DMAAbortOnError                     0x08001cc9   Thumb Code    12  stm32f1xx_hal_uart.o(.text.UART_DMAAbortOnError)
    [Anonymous Symbol]                       0x08001cc8   Section        0  stm32f1xx_hal_uart.o(.text.UART_DMAAbortOnError)
    UART_DMAError                            0x08001cd5   Thumb Code   380  stm32f1xx_hal_uart.o(.text.UART_DMAError)
    [Anonymous Symbol]                       0x08001cd4   Section        0  stm32f1xx_hal_uart.o(.text.UART_DMAError)
    UART_DMATransmitCplt                     0x08001e51   Thumb Code   176  stm32f1xx_hal_uart.o(.text.UART_DMATransmitCplt)
    [Anonymous Symbol]                       0x08001e50   Section        0  stm32f1xx_hal_uart.o(.text.UART_DMATransmitCplt)
    UART_DMATxHalfCplt                       0x08001f01   Thumb Code     6  stm32f1xx_hal_uart.o(.text.UART_DMATxHalfCplt)
    [Anonymous Symbol]                       0x08001f00   Section        0  stm32f1xx_hal_uart.o(.text.UART_DMATxHalfCplt)
    UART_Receive_IT                          0x08001f09   Thumb Code   254  stm32f1xx_hal_uart.o(.text.UART_Receive_IT)
    [Anonymous Symbol]                       0x08001f08   Section        0  stm32f1xx_hal_uart.o(.text.UART_Receive_IT)
    [Anonymous Symbol]                       0x08002008   Section        0  stm32f1xx_it.o(.text.USART2_IRQHandler)
    [Anonymous Symbol]                       0x08002014   Section        0  stm32f1xx_it.o(.text.UsageFault_Handler)
    __tagsym$$used.1                         0x08002018   Number         0  rtx_lib.o(.text._mutex_acquire)
    [Anonymous Symbol]                       0x08002018   Section        0  rtx_lib.o(.text._mutex_acquire)
    __tagsym$$used.3                         0x0800205c   Number         0  rtx_lib.o(.text._mutex_free)
    [Anonymous Symbol]                       0x0800205c   Section        0  rtx_lib.o(.text._mutex_free)
    __tagsym$$used.0                         0x08002064   Number         0  rtx_lib.o(.text._mutex_initialize)
    [Anonymous Symbol]                       0x08002064   Section        0  rtx_lib.o(.text._mutex_initialize)
    __tagsym$$used.2                         0x08002084   Number         0  rtx_lib.o(.text._mutex_release)
    [Anonymous Symbol]                       0x08002084   Section        0  rtx_lib.o(.text._mutex_release)
    [Anonymous Symbol]                       0x080020c0   Section        0  rtx_lib.o(.text._platform_post_stackheap_init)
    irTask                                   0x080020c5   Thumb Code   672  main.o(.text.irTask)
    [Anonymous Symbol]                       0x080020c4   Section        0  main.o(.text.irTask)
    [Anonymous Symbol]                       0x08002370   Section        0  main.o(.text.main)
    [Anonymous Symbol]                       0x08002518   Section        0  rtx_kernel.o(.text.osKernelGetState)
    [Anonymous Symbol]                       0x08002554   Section        0  rtx_kernel.o(.text.osKernelGetTickCount)
    [Anonymous Symbol]                       0x08002588   Section        0  rtx_kernel.o(.text.osKernelInitialize)
    [Anonymous Symbol]                       0x080025c0   Section        0  rtx_kernel.o(.text.osKernelStart)
    [Anonymous Symbol]                       0x080025f4   Section        0  rtx_mutex.o(.text.osMutexAcquire)
    [Anonymous Symbol]                       0x08002630   Section        0  rtx_mutex.o(.text.osMutexDelete)
    [Anonymous Symbol]                       0x0800266c   Section        0  rtx_mutex.o(.text.osMutexNew)
    [Anonymous Symbol]                       0x080026a8   Section        0  rtx_mutex.o(.text.osMutexRelease)
    [Anonymous Symbol]                       0x080026e4   Section        0  rtx_config.o(.text.osRtxErrorNotify)
    [Anonymous Symbol]                       0x080026e8   Section        0  rtx_config.o(.text.osRtxIdleThread)
    [Anonymous Symbol]                       0x080026ec   Section        0  rtx_kernel.o(.text.osRtxKernelBeforeInit)
    [Anonymous Symbol]                       0x080026f0   Section        0  rtx_kernel.o(.text.osRtxKernelErrorNotify)
    [Anonymous Symbol]                       0x08002708   Section        0  rtx_memory.o(.text.osRtxMemoryAlloc)
    [Anonymous Symbol]                       0x080027dc   Section        0  rtx_memory.o(.text.osRtxMemoryFree)
    [Anonymous Symbol]                       0x08002868   Section        0  rtx_memory.o(.text.osRtxMemoryInit)
    [Anonymous Symbol]                       0x080028b0   Section        0  rtx_mempool.o(.text.osRtxMemoryPoolAlloc)
    [Anonymous Symbol]                       0x080028fc   Section        0  rtx_mempool.o(.text.osRtxMemoryPoolFree)
    [Anonymous Symbol]                       0x08002958   Section        0  rtx_mempool.o(.text.osRtxMemoryPoolInit)
    [Anonymous Symbol]                       0x08002a18   Section        0  rtx_mutex.o(.text.osRtxMutexOwnerRelease)
    [Anonymous Symbol]                       0x08002a80   Section        0  rtx_mutex.o(.text.osRtxMutexOwnerRestore)
    [Anonymous Symbol]                       0x08002ad4   Section        0  rtx_system.o(.text.osRtxPendSV_Handler)
    [Anonymous Symbol]                       0x08002b98   Section        0  rtx_system.o(.text.osRtxPostProcess)
    [Anonymous Symbol]                       0x08002c10   Section        0  rtx_lib.o(.text.osRtxThreadBeforeFree)
    [Anonymous Symbol]                       0x08002c14   Section        0  rtx_thread.o(.text.osRtxThreadDelayTick)
    [Anonymous Symbol]                       0x08002e50   Section        0  rtx_thread.o(.text.osRtxThreadDispatch)
    osRtxThreadFree                          0x08003029   Thumb Code   102  rtx_thread.o(.text.osRtxThreadFree)
    [Anonymous Symbol]                       0x08003028   Section        0  rtx_thread.o(.text.osRtxThreadFree)
    [Anonymous Symbol]                       0x08003090   Section        0  rtx_thread.o(.text.osRtxThreadJoinWakeup)
    [Anonymous Symbol]                       0x08003164   Section        0  rtx_thread.o(.text.osRtxThreadListGet)
    [Anonymous Symbol]                       0x08003178   Section        0  rtx_thread.o(.text.osRtxThreadListPut)
    [Anonymous Symbol]                       0x080031d8   Section        0  rtx_thread.o(.text.osRtxThreadListRemove)
    [Anonymous Symbol]                       0x080031f0   Section        0  rtx_thread.o(.text.osRtxThreadListSort)
    osRtxThreadPostProcess                   0x08003295   Thumb Code   320  rtx_thread.o(.text.osRtxThreadPostProcess)
    [Anonymous Symbol]                       0x08003294   Section        0  rtx_thread.o(.text.osRtxThreadPostProcess)
    [Anonymous Symbol]                       0x080033d4   Section        0  rtx_thread.o(.text.osRtxThreadReadyPut)
    [Anonymous Symbol]                       0x08003444   Section        0  rtx_thread.o(.text.osRtxThreadStartup)
    [Anonymous Symbol]                       0x08003490   Section        0  rtx_thread.o(.text.osRtxThreadSwitch)
    [Anonymous Symbol]                       0x080034b4   Section        0  rtx_thread.o(.text.osRtxThreadWaitEnter)
    [Anonymous Symbol]                       0x08003604   Section        0  rtx_thread.o(.text.osRtxThreadWaitExit)
    [Anonymous Symbol]                       0x080036e4   Section        0  rtx_system.o(.text.osRtxTick_Handler)
    osThreadEntry                            0x08003769   Thumb Code     6  rtx_thread.o(.text.osThreadEntry)
    [Anonymous Symbol]                       0x08003768   Section        0  rtx_thread.o(.text.osThreadEntry)
    [Anonymous Symbol]                       0x08003770   Section        0  rtx_thread.o(.text.osThreadExit)
    [Anonymous Symbol]                       0x0800378c   Section        0  rtx_thread.o(.text.osThreadFlagsSet)
    [Anonymous Symbol]                       0x0800381c   Section        0  rtx_thread.o(.text.osThreadFlagsWait)
    [Anonymous Symbol]                       0x08003860   Section        0  rtx_thread.o(.text.osThreadNew)
    svcRtxKernelGetState                     0x080038a5   Thumb Code    22  rtx_kernel.o(.text.svcRtxKernelGetState)
    [Anonymous Symbol]                       0x080038a4   Section        0  rtx_kernel.o(.text.svcRtxKernelGetState)
    svcRtxKernelGetTickCount                 0x080038bd   Thumb Code    20  rtx_kernel.o(.text.svcRtxKernelGetTickCount)
    [Anonymous Symbol]                       0x080038bc   Section        0  rtx_kernel.o(.text.svcRtxKernelGetTickCount)
    svcRtxKernelInitialize                   0x080038d1   Thumb Code   350  rtx_kernel.o(.text.svcRtxKernelInitialize)
    [Anonymous Symbol]                       0x080038d0   Section        0  rtx_kernel.o(.text.svcRtxKernelInitialize)
    svcRtxKernelStart                        0x08003a31   Thumb Code   162  rtx_kernel.o(.text.svcRtxKernelStart)
    [Anonymous Symbol]                       0x08003a30   Section        0  rtx_kernel.o(.text.svcRtxKernelStart)
    svcRtxMutexAcquire                       0x08003ad5   Thumb Code   232  rtx_mutex.o(.text.svcRtxMutexAcquire)
    [Anonymous Symbol]                       0x08003ad4   Section        0  rtx_mutex.o(.text.svcRtxMutexAcquire)
    svcRtxMutexDelete                        0x08003bbd   Thumb Code   212  rtx_mutex.o(.text.svcRtxMutexDelete)
    [Anonymous Symbol]                       0x08003bbc   Section        0  rtx_mutex.o(.text.svcRtxMutexDelete)
    svcRtxMutexNew                           0x08003c91   Thumb Code   168  rtx_mutex.o(.text.svcRtxMutexNew)
    [Anonymous Symbol]                       0x08003c90   Section        0  rtx_mutex.o(.text.svcRtxMutexNew)
    svcRtxMutexRelease                       0x08003d39   Thumb Code   244  rtx_mutex.o(.text.svcRtxMutexRelease)
    [Anonymous Symbol]                       0x08003d38   Section        0  rtx_mutex.o(.text.svcRtxMutexRelease)
    svcRtxThreadExit                         0x08003e2d   Thumb Code   150  rtx_thread.o(.text.svcRtxThreadExit)
    [Anonymous Symbol]                       0x08003e2c   Section        0  rtx_thread.o(.text.svcRtxThreadExit)
    svcRtxThreadFlagsSet                     0x08003ec5   Thumb Code   322  rtx_thread.o(.text.svcRtxThreadFlagsSet)
    [Anonymous Symbol]                       0x08003ec4   Section        0  rtx_thread.o(.text.svcRtxThreadFlagsSet)
    svcRtxThreadFlagsWait                    0x08004009   Thumb Code   246  rtx_thread.o(.text.svcRtxThreadFlagsWait)
    [Anonymous Symbol]                       0x08004008   Section        0  rtx_thread.o(.text.svcRtxThreadFlagsWait)
    svcRtxThreadNew                          0x08004101   Thumb Code   632  rtx_thread.o(.text.svcRtxThreadNew)
    [Anonymous Symbol]                       0x08004100   Section        0  rtx_thread.o(.text.svcRtxThreadNew)
    __tagsym$$used.4                         0x08004378   Number         0  rtx_lib.o(.rodata)
    __tagsym$$used.5                         0x080043e8   Number         0  rtx_lib.o(.rodata)
    HAL_RCC_GetSysClockFreq.aPredivFactorTable 0x08004438   Data           2  stm32f1xx_hal_rcc.o(.rodata.HAL_RCC_GetSysClockFreq.aPredivFactorTable)
    [Anonymous Symbol]                       0x08004438   Section        0  stm32f1xx_hal_rcc.o(.rodata.HAL_RCC_GetSysClockFreq.aPredivFactorTable)
    HAL_RCC_GetSysClockFreq.aPLLMULFactorTable 0x0800443a   Data          16  stm32f1xx_hal_rcc.o(.rodata.cst16)
    [Anonymous Symbol]                       0x0800443a   Section        0  stm32f1xx_hal_rcc.o(.rodata.cst16)
    irTaskAttr                               0x0800444c   Data          36  main.o(.rodata.irTaskAttr)
    [Anonymous Symbol]                       0x0800444c   Section        0  main.o(.rodata.irTaskAttr)
    os_idle_thread_attr                      0x08004474   Data          36  rtx_lib.o(.rodata.os_idle_thread_attr)
    [Anonymous Symbol]                       0x08004474   Section        0  rtx_lib.o(.rodata.os_idle_thread_attr)
    Hex2.hex                                 0x08004498   Data          17  main.o(.rodata.str1.1)
    [Anonymous Symbol]                       0x08004498   Section        0  main.o(.rodata.str1.1)
    .L.str                                   0x080044b0   Data          11  rtx_kernel.o(.rodata.str1.4)
    [Anonymous Symbol]                       0x080044b0   Section        0  rtx_kernel.o(.rodata.str1.4)
    .L_MergedGlobals                         0x20000000   Data           8  stm32f1xx_hal.o(.data..L_MergedGlobals)
    [Anonymous Symbol]                       0x20000000   Section        0  stm32f1xx_hal.o(.data..L_MergedGlobals)
    .bss                                     0x200000b0   Section       96  libspace.o(.bss)
    .L_MergedGlobals                         0x20000110   Data          80  main.o(.bss..L_MergedGlobals)
    [Anonymous Symbol]                       0x20000110   Section        0  main.o(.bss..L_MergedGlobals)
    first_edge                               0x20000113   Data           1  main.o(.bss..L_MergedGlobals)
    irTaskHandle                             0x20000114   Data           4  main.o(.bss..L_MergedGlobals)
    last_activity                            0x20000118   Data           4  main.o(.bss..L_MergedGlobals)
    last_edge_time                           0x2000011c   Data           4  main.o(.bss..L_MergedGlobals)
    tx_buffer                                0x20000120   Data          64  main.o(.bss..L_MergedGlobals)
    os_isr_queue                             0x200002b8   Data          16  rtx_lib.o(.bss.os)
    [Anonymous Symbol]                       0x200002b8   Section        0  rtx_lib.o(.bss.os)
    os_mem                                   0x200002c8   Data        2048  rtx_lib.o(.bss.os)
    PendST                                   0x20000ac8   Data           1  os_systick.o(.bss.os)
    [Anonymous Symbol]                       0x20000ac8   Section        0  os_systick.o(.bss.os)
    os_idle_thread_cb                        0x20000acc   Data          80  rtx_lib.o(.bss.os.thread.cb)
    [Anonymous Symbol]                       0x20000acc   Section        0  rtx_lib.o(.bss.os.thread.cb)
    os_idle_thread_stack                     0x20000b20   Data         256  rtx_lib.o(.bss.os.thread.idle.stack)
    [Anonymous Symbol]                       0x20000b20   Section        0  rtx_lib.o(.bss.os.thread.idle.stack)
    os_kernel_is_active.os_kernel_active     0x20000c20   Data           1  rtx_lib.o(.bss.os_kernel_is_active.os_kernel_active)
    [Anonymous Symbol]                       0x20000c20   Section        0  rtx_lib.o(.bss.os_kernel_is_active.os_kernel_active)
    Heap_Mem                                 0x20000c28   Data           0  startup_stm32f103xb.o(HEAP)
    Stack_Mem                                0x20000c28   Data         512  startup_stm32f103xb.o(STACK)
    HEAP                                     0x20000c28   Section        0  startup_stm32f103xb.o(HEAP)
    STACK                                    0x20000c28   Section      512  startup_stm32f103xb.o(STACK)
    __initial_sp                             0x20000e28   Data           0  startup_stm32f103xb.o(STACK)
    FPCCR                                    0xe000ef34   Number         0  irq_armv7m.o ABSOLUTE

    Global Symbols

    Symbol Name                              Value     Ov Type        Size  Object(Section)

    BuildAttributes$$THM_ISAv4$P$D$K$B$S$PE$A:L22UL41UL21$X:L11$S22US41US21$IEEE1$IW$~IW$USESV6$~STKCKD$USESV7$~SHL$OTIME$ROPI$EBA8$UX$STANDARDLIB$REQ8$PRES8$EABIv2 0x00000000   Number         0  anon$$obj.o ABSOLUTE
    __fp_init_empty                          0x00000000   Number         0  fpinit_empty.o ABSOLUTE
    .bss.os.evflags.cb$$Base                  - Undefined Weak Reference
    .bss.os.evflags.cb$$Limit                 - Undefined Weak Reference
    .bss.os.mempool.cb$$Base                  - Undefined Weak Reference
    .bss.os.mempool.cb$$Limit                 - Undefined Weak Reference
    .bss.os.msgqueue.cb$$Base                 - Undefined Weak Reference
    .bss.os.msgqueue.cb$$Limit                - Undefined Weak Reference
    .bss.os.mutex.cb$$Base                    - Undefined Weak Reference
    .bss.os.mutex.cb$$Limit                   - Undefined Weak Reference
    .bss.os.semaphore.cb$$Base                - Undefined Weak Reference
    .bss.os.semaphore.cb$$Limit               - Undefined Weak Reference
    .bss.os.timer.cb$$Base                    - Undefined Weak Reference
    .bss.os.timer.cb$$Limit                   - Undefined Weak Reference
    __ARM_exceptions_init                     - Undefined Weak Reference
    __alloca_initialize                       - Undefined Weak Reference
    __arm_preinit_                            - Undefined Weak Reference
    __arm_relocate_pie_                       - Undefined Weak Reference
    __cpp_initialize__aeabi_                  - Undefined Weak Reference
    __cxa_finalize                            - Undefined Weak Reference
    __rt_locale                               - Undefined Weak Reference
    __sigvec_lookup                           - Undefined Weak Reference
    _atexit_init                              - Undefined Weak Reference
    _call_atexit_fns                          - Undefined Weak Reference
    _clock_init                               - Undefined Weak Reference
    _fp_trap_init                             - Undefined Weak Reference
    _fp_trap_shutdown                         - Undefined Weak Reference
    _get_lc_collate                           - Undefined Weak Reference
    _get_lc_ctype                             - Undefined Weak Reference
    _get_lc_monetary                          - Undefined Weak Reference
    _get_lc_numeric                           - Undefined Weak Reference
    _get_lc_time                              - Undefined Weak Reference
    _getenv_init                              - Undefined Weak Reference
    _handle_redirection                       - Undefined Weak Reference
    _init_alloc                               - Undefined Weak Reference
    _init_user_alloc                          - Undefined Weak Reference
    _initio                                   - Undefined Weak Reference
    _rand_init                                - Undefined Weak Reference
    _signal_finish                            - Undefined Weak Reference
    _signal_init                              - Undefined Weak Reference
    _terminate_alloc                          - Undefined Weak Reference
    _terminate_user_alloc                     - Undefined Weak Reference
    _terminateio                              - Undefined Weak Reference
    __Vectors_Size                           0x000000ec   Number         0  startup_stm32f103xb.o ABSOLUTE
    __Vectors                                0x08000000   Data           4  startup_stm32f103xb.o(RESET)
    __Vectors_End                            0x080000ec   Data           0  startup_stm32f103xb.o(RESET)
    __main                                   0x080000ed   Thumb Code     8  __main.o(!!!main)
    __scatterload                            0x080000f5   Thumb Code     0  __scatter.o(!!!scatter)
    __scatterload_rt2                        0x080000f5   Thumb Code    84  __scatter.o(!!!scatter)
    __scatterload_rt2_thumb_only             0x080000f5   Thumb Code     0  __scatter.o(!!!scatter)
    __scatterload_loop                       0x080000ff   Thumb Code     0  __scatter.o(!!!scatter)
    __scatterload_copy                       0x08000151   Thumb Code    26  __scatter_copy.o(!!handler_copy)
    __scatterload_null                       0x0800016d   Thumb Code     2  __scatter.o(!!handler_null)
    __scatterload_zeroinit                   0x08000171   Thumb Code    28  __scatter_zi.o(!!handler_zi)
    __rt_lib_init                            0x0800018d   Thumb Code     0  libinit.o(.ARM.Collect$$libinit$$00000000)
    __rt_lib_init_alloca_1                   0x0800018f   Thumb Code     0  libinit2.o(.ARM.Collect$$libinit$$00000030)
    __rt_lib_init_argv_1                     0x0800018f   Thumb Code     0  libinit2.o(.ARM.Collect$$libinit$$0000002E)
    __rt_lib_init_atexit_1                   0x0800018f   Thumb Code     0  libinit2.o(.ARM.Collect$$libinit$$0000001D)
    __rt_lib_init_clock_1                    0x0800018f   Thumb Code     0  libinit2.o(.ARM.Collect$$libinit$$00000023)
    __rt_lib_init_cpp_1                      0x0800018f   Thumb Code     0  libinit2.o(.ARM.Collect$$libinit$$00000034)
    __rt_lib_init_exceptions_1               0x0800018f   Thumb Code     0  libinit2.o(.ARM.Collect$$libinit$$00000032)
    __rt_lib_init_fp_1                       0x0800018f   Thumb Code     0  libinit2.o(.ARM.Collect$$libinit$$00000002)
    __rt_lib_init_fp_trap_1                  0x0800018f   Thumb Code     0  libinit2.o(.ARM.Collect$$libinit$$00000021)
    __rt_lib_init_getenv_1                   0x0800018f   Thumb Code     0  libinit2.o(.ARM.Collect$$libinit$$00000025)
    __rt_lib_init_heap_1                     0x0800018f   Thumb Code     0  libinit2.o(.ARM.Collect$$libinit$$0000000C)
    __rt_lib_init_lc_collate_1               0x0800018f   Thumb Code     0  libinit2.o(.ARM.Collect$$libinit$$00000013)
    __rt_lib_init_lc_ctype_1                 0x0800018f   Thumb Code     0  libinit2.o(.ARM.Collect$$libinit$$00000015)
    __rt_lib_init_lc_monetary_1              0x0800018f   Thumb Code     0  libinit2.o(.ARM.Collect$$libinit$$00000017)
    __rt_lib_init_lc_numeric_1               0x0800018f   Thumb Code     0  libinit2.o(.ARM.Collect$$libinit$$00000019)
    __rt_lib_init_lc_time_1                  0x0800018f   Thumb Code     0  libinit2.o(.ARM.Collect$$libinit$$0000001B)
    __rt_lib_init_preinit_1                  0x0800018f   Thumb Code     0  libinit2.o(.ARM.Collect$$libinit$$00000006)
    __rt_lib_init_rand_1                     0x0800018f   Thumb Code     0  libinit2.o(.ARM.Collect$$libinit$$00000010)
    __rt_lib_init_relocate_pie_1             0x0800018f   Thumb Code     0  libinit2.o(.ARM.Collect$$libinit$$00000004)
    __rt_lib_init_return                     0x0800018f   Thumb Code     0  libinit2.o(.ARM.Collect$$libinit$$00000035)
    __rt_lib_init_signal_1                   0x0800018f   Thumb Code     0  libinit2.o(.ARM.Collect$$libinit$$0000001F)
    __rt_lib_init_stdio_1                    0x0800018f   Thumb Code     0  libinit2.o(.ARM.Collect$$libinit$$00000027)
    __rt_lib_init_user_alloc_1               0x0800018f   Thumb Code     0  libinit2.o(.ARM.Collect$$libinit$$0000000E)
    __rt_lib_shutdown                        0x08000191   Thumb Code     0  libshutdown.o(.ARM.Collect$$libshutdown$$00000000)
    __rt_lib_shutdown_cpp_1                  0x08000193   Thumb Code     0  libshutdown2.o(.ARM.Collect$$libshutdown$$00000002)
    __rt_lib_shutdown_fp_trap_1              0x08000193   Thumb Code     0  libshutdown2.o(.ARM.Collect$$libshutdown$$00000007)
    __rt_lib_shutdown_heap_1                 0x08000193   Thumb Code     0  libshutdown2.o(.ARM.Collect$$libshutdown$$0000000F)
    __rt_lib_shutdown_return                 0x08000193   Thumb Code     0  libshutdown2.o(.ARM.Collect$$libshutdown$$00000010)
    __rt_lib_shutdown_signal_1               0x08000193   Thumb Code     0  libshutdown2.o(.ARM.Collect$$libshutdown$$0000000A)
    __rt_lib_shutdown_stdio_1                0x08000193   Thumb Code     0  libshutdown2.o(.ARM.Collect$$libshutdown$$00000004)
    __rt_lib_shutdown_user_alloc_1           0x08000193   Thumb Code     0  libshutdown2.o(.ARM.Collect$$libshutdown$$0000000C)
    __rt_entry                               0x08000195   Thumb Code     0  __rtentry.o(.ARM.Collect$$rtentry$$00000000)
    __rt_entry_presh_1                       0x08000195   Thumb Code     0  __rtentry2.o(.ARM.Collect$$rtentry$$00000002)
    __rt_entry_sh                            0x08000195   Thumb Code     0  __rtentry4.o(.ARM.Collect$$rtentry$$00000004)
    __rt_entry_postsh_1                      0x0800019b   Thumb Code     0  __rtentry2.o(.ARM.Collect$$rtentry$$00000008)
    __rt_entry_li                            0x080001a3   Thumb Code     0  __rtentry2.o(.ARM.Collect$$rtentry$$0000000A)
    __rt_entry_main                          0x080001a7   Thumb Code     0  __rtentry2.o(.ARM.Collect$$rtentry$$0000000D)
    __rt_entry_postli_1                      0x080001a7   Thumb Code     0  __rtentry2.o(.ARM.Collect$$rtentry$$0000000C)
    __rt_exit                                0x080001af   Thumb Code     0  rtexit.o(.ARM.Collect$$rtexit$$00000000)
    __rt_exit_ls                             0x080001b1   Thumb Code     0  rtexit2.o(.ARM.Collect$$rtexit$$00000003)
    __rt_exit_prels_1                        0x080001b1   Thumb Code     0  rtexit2.o(.ARM.Collect$$rtexit$$00000002)
    __rt_exit_exit                           0x080001b5   Thumb Code     0  rtexit2.o(.ARM.Collect$$rtexit$$00000004)
    Reset_Handler                            0x080001bd   Thumb Code     8  startup_stm32f103xb.o(.text)
    ADC1_2_IRQHandler                        0x080001d7   Thumb Code     0  startup_stm32f103xb.o(.text)
    CAN1_RX1_IRQHandler                      0x080001d7   Thumb Code     0  startup_stm32f103xb.o(.text)
    CAN1_SCE_IRQHandler                      0x080001d7   Thumb Code     0  startup_stm32f103xb.o(.text)
    DMA1_Channel1_IRQHandler                 0x080001d7   Thumb Code     0  startup_stm32f103xb.o(.text)
    DMA1_Channel2_IRQHandler                 0x080001d7   Thumb Code     0  startup_stm32f103xb.o(.text)
    DMA1_Channel3_IRQHandler                 0x080001d7   Thumb Code     0  startup_stm32f103xb.o(.text)
    DMA1_Channel4_IRQHandler                 0x080001d7   Thumb Code     0  startup_stm32f103xb.o(.text)
    DMA1_Channel5_IRQHandler                 0x080001d7   Thumb Code     0  startup_stm32f103xb.o(.text)
    EXTI0_IRQHandler                         0x080001d7   Thumb Code     0  startup_stm32f103xb.o(.text)
    EXTI1_IRQHandler                         0x080001d7   Thumb Code     0  startup_stm32f103xb.o(.text)
    EXTI2_IRQHandler                         0x080001d7   Thumb Code     0  startup_stm32f103xb.o(.text)
    EXTI3_IRQHandler                         0x080001d7   Thumb Code     0  startup_stm32f103xb.o(.text)
    EXTI4_IRQHandler                         0x080001d7   Thumb Code     0  startup_stm32f103xb.o(.text)
    EXTI9_5_IRQHandler                       0x080001d7   Thumb Code     0  startup_stm32f103xb.o(.text)
    FLASH_IRQHandler                         0x080001d7   Thumb Code     0  startup_stm32f103xb.o(.text)
    I2C1_ER_IRQHandler                       0x080001d7   Thumb Code     0  startup_stm32f103xb.o(.text)
    I2C1_EV_IRQHandler                       0x080001d7   Thumb Code     0  startup_stm32f103xb.o(.text)
    I2C2_ER_IRQHandler                       0x080001d7   Thumb Code     0  startup_stm32f103xb.o(.text)
    I2C2_EV_IRQHandler                       0x080001d7   Thumb Code     0  startup_stm32f103xb.o(.text)
    PVD_IRQHandler                           0x080001d7   Thumb Code     0  startup_stm32f103xb.o(.text)
    RCC_IRQHandler                           0x080001d7   Thumb Code     0  startup_stm32f103xb.o(.text)
    RTC_Alarm_IRQHandler                     0x080001d7   Thumb Code     0  startup_stm32f103xb.o(.text)
    RTC_IRQHandler                           0x080001d7   Thumb Code     0  startup_stm32f103xb.o(.text)
    SPI1_IRQHandler                          0x080001d7   Thumb Code     0  startup_stm32f103xb.o(.text)
    SPI2_IRQHandler                          0x080001d7   Thumb Code     0  startup_stm32f103xb.o(.text)
    TAMPER_IRQHandler                        0x080001d7   Thumb Code     0  startup_stm32f103xb.o(.text)
    TIM1_BRK_IRQHandler                      0x080001d7   Thumb Code     0  startup_stm32f103xb.o(.text)
    TIM1_CC_IRQHandler                       0x080001d7   Thumb Code     0  startup_stm32f103xb.o(.text)
    TIM1_TRG_COM_IRQHandler                  0x080001d7   Thumb Code     0  startup_stm32f103xb.o(.text)
    TIM1_UP_IRQHandler                       0x080001d7   Thumb Code     0  startup_stm32f103xb.o(.text)
    TIM2_IRQHandler                          0x080001d7   Thumb Code     0  startup_stm32f103xb.o(.text)
    TIM3_IRQHandler                          0x080001d7   Thumb Code     0  startup_stm32f103xb.o(.text)
    TIM4_IRQHandler                          0x080001d7   Thumb Code     0  startup_stm32f103xb.o(.text)
    USART1_IRQHandler                        0x080001d7   Thumb Code     0  startup_stm32f103xb.o(.text)
    USART3_IRQHandler                        0x080001d7   Thumb Code     0  startup_stm32f103xb.o(.text)
    USBWakeUp_IRQHandler                     0x080001d7   Thumb Code     0  startup_stm32f103xb.o(.text)
    USB_HP_CAN1_TX_IRQHandler                0x080001d7   Thumb Code     0  startup_stm32f103xb.o(.text)
    USB_LP_CAN1_RX0_IRQHandler               0x080001d7   Thumb Code     0  startup_stm32f103xb.o(.text)
    WWDG_IRQHandler                          0x080001d7   Thumb Code     0  startup_stm32f103xb.o(.text)
    __user_initial_stackheap                 0x080001d9   Thumb Code     0  startup_stm32f103xb.o(.text)
    SVC_Handler                              0x080001f9   Thumb Code   110  irq_armv7m.o(.text)
    PendSV_Handler                           0x08000267   Thumb Code    16  irq_armv7m.o(.text)
    SysTick_Handler                          0x08000277   Thumb Code    16  irq_armv7m.o(.text)
    strlen                                   0x08000291   Thumb Code    62  strlen.o(.text)
    __aeabi_memset4                          0x080002cf   Thumb Code    16  aeabi_memset4.o(.text)
    __aeabi_memset8                          0x080002cf   Thumb Code     0  aeabi_memset4.o(.text)
    __aeabi_memclr4                          0x080002df   Thumb Code     0  rt_memclr_w.o(.text)
    __aeabi_memclr8                          0x080002df   Thumb Code     0  rt_memclr_w.o(.text)
    __rt_memclr_w                            0x080002df   Thumb Code     0  rt_memclr_w.o(.text)
    _memset_w                                0x080002e3   Thumb Code    74  rt_memclr_w.o(.text)
    __use_two_region_memory                  0x0800032d   Thumb Code     2  heapauxi.o(.text)
    __rt_heap_escrow$2region                 0x0800032f   Thumb Code     2  heapauxi.o(.text)
    __rt_heap_expand$2region                 0x08000331   Thumb Code     2  heapauxi.o(.text)
    __user_setup_stackheap                   0x08000333   Thumb Code    74  sys_stackheap_outer.o(.text)
    exit                                     0x0800037d   Thumb Code    18  exit.o(.text)
    __user_libspace                          0x08000391   Thumb Code     8  libspace.o(.text)
    __user_perproc_libspace                  0x08000391   Thumb Code     0  libspace.o(.text)
    _sys_exit                                0x08000399   Thumb Code     8  sys_exit.o(.text)
    __I$use$semihosting                      0x080003a5   Thumb Code     0  use_no_semi.o(.text)
    __use_no_semihosting_swi                 0x080003a5   Thumb Code     2  use_no_semi.o(.text)
    __semihosting_library_function           0x080003a7   Thumb Code     0  indicate_semi.o(.text)
    BusFault_Handler                         0x080003a9   Thumb Code     2  stm32f1xx_it.o(.text.BusFault_Handler)
    DMA1_Channel6_IRQHandler                 0x080003ad   Thumb Code    12  stm32f1xx_it.o(.text.DMA1_Channel6_IRQHandler)
    DMA1_Channel7_IRQHandler                 0x080003b9   Thumb Code    12  stm32f1xx_it.o(.text.DMA1_Channel7_IRQHandler)
    DebugMon_Handler                         0x080003c5   Thumb Code     2  stm32f1xx_it.o(.text.DebugMon_Handler)
    EXTI15_10_IRQHandler                     0x080003c9   Thumb Code     8  stm32f1xx_it.o(.text.EXTI15_10_IRQHandler)
    Error_Handler                            0x080003d1   Thumb Code     6  main.o(.text.Error_Handler)
    EvrRtxDelayCompleted                     0x080003d9   Thumb Code     2  rtx_evr.o(.text.EvrRtxDelayCompleted)
    EvrRtxEventFlagsWaitTimeout              0x080003dd   Thumb Code     2  rtx_evr.o(.text.EvrRtxEventFlagsWaitTimeout)
    EvrRtxKernelError                        0x080003e1   Thumb Code     2  rtx_evr.o(.text.EvrRtxKernelError)
    EvrRtxKernelErrorNotify                  0x080003e5   Thumb Code     2  rtx_evr.o(.text.EvrRtxKernelErrorNotify)
    EvrRtxKernelGetState                     0x080003e9   Thumb Code     2  rtx_evr.o(.text.EvrRtxKernelGetState)
    EvrRtxKernelGetTickCount                 0x080003ed   Thumb Code     2  rtx_evr.o(.text.EvrRtxKernelGetTickCount)
    EvrRtxKernelInitialize                   0x080003f1   Thumb Code     2  rtx_evr.o(.text.EvrRtxKernelInitialize)
    EvrRtxKernelInitialized                  0x080003f5   Thumb Code     2  rtx_evr.o(.text.EvrRtxKernelInitialized)
    EvrRtxKernelStart                        0x080003f9   Thumb Code     2  rtx_evr.o(.text.EvrRtxKernelStart)
    EvrRtxKernelStarted                      0x080003fd   Thumb Code     2  rtx_evr.o(.text.EvrRtxKernelStarted)
    EvrRtxMemoryAlloc                        0x08000401   Thumb Code     2  rtx_evr.o(.text.EvrRtxMemoryAlloc)
    EvrRtxMemoryBlockAlloc                   0x08000405   Thumb Code     2  rtx_evr.o(.text.EvrRtxMemoryBlockAlloc)
    EvrRtxMemoryBlockFree                    0x08000409   Thumb Code     2  rtx_evr.o(.text.EvrRtxMemoryBlockFree)
    EvrRtxMemoryBlockInit                    0x0800040d   Thumb Code     2  rtx_evr.o(.text.EvrRtxMemoryBlockInit)
    EvrRtxMemoryFree                         0x08000411   Thumb Code     2  rtx_evr.o(.text.EvrRtxMemoryFree)
    EvrRtxMemoryInit                         0x08000415   Thumb Code     2  rtx_evr.o(.text.EvrRtxMemoryInit)
    EvrRtxMemoryPoolAllocTimeout             0x08000419   Thumb Code     2  rtx_evr.o(.text.EvrRtxMemoryPoolAllocTimeout)
    EvrRtxMessageQueueGetTimeout             0x0800041d   Thumb Code     2  rtx_evr.o(.text.EvrRtxMessageQueueGetTimeout)
    EvrRtxMessageQueuePutTimeout             0x08000421   Thumb Code     2  rtx_evr.o(.text.EvrRtxMessageQueuePutTimeout)
    EvrRtxMutexAcquire                       0x08000425   Thumb Code     2  rtx_evr.o(.text.EvrRtxMutexAcquire)
    EvrRtxMutexAcquirePending                0x08000429   Thumb Code     2  rtx_evr.o(.text.EvrRtxMutexAcquirePending)
    EvrRtxMutexAcquireTimeout                0x0800042d   Thumb Code     2  rtx_evr.o(.text.EvrRtxMutexAcquireTimeout)
    EvrRtxMutexAcquired                      0x08000431   Thumb Code     2  rtx_evr.o(.text.EvrRtxMutexAcquired)
    EvrRtxMutexCreated                       0x08000435   Thumb Code     2  rtx_evr.o(.text.EvrRtxMutexCreated)
    EvrRtxMutexDelete                        0x08000439   Thumb Code     2  rtx_evr.o(.text.EvrRtxMutexDelete)
    EvrRtxMutexDestroyed                     0x0800043d   Thumb Code     2  rtx_evr.o(.text.EvrRtxMutexDestroyed)
    EvrRtxMutexError                         0x08000441   Thumb Code     2  rtx_evr.o(.text.EvrRtxMutexError)
    EvrRtxMutexNew                           0x08000445   Thumb Code     2  rtx_evr.o(.text.EvrRtxMutexNew)
    EvrRtxMutexNotAcquired                   0x08000449   Thumb Code     2  rtx_evr.o(.text.EvrRtxMutexNotAcquired)
    EvrRtxMutexRelease                       0x0800044d   Thumb Code     2  rtx_evr.o(.text.EvrRtxMutexRelease)
    EvrRtxMutexReleased                      0x08000451   Thumb Code     2  rtx_evr.o(.text.EvrRtxMutexReleased)
    EvrRtxSemaphoreAcquireTimeout            0x08000455   Thumb Code     2  rtx_evr.o(.text.EvrRtxSemaphoreAcquireTimeout)
    EvrRtxThreadBlocked                      0x08000459   Thumb Code     2  rtx_evr.o(.text.EvrRtxThreadBlocked)
    EvrRtxThreadCreated                      0x0800045d   Thumb Code     2  rtx_evr.o(.text.EvrRtxThreadCreated)
    EvrRtxThreadDestroyed                    0x08000461   Thumb Code     2  rtx_evr.o(.text.EvrRtxThreadDestroyed)
    EvrRtxThreadError                        0x08000465   Thumb Code     2  rtx_evr.o(.text.EvrRtxThreadError)
    EvrRtxThreadExit                         0x08000469   Thumb Code     2  rtx_evr.o(.text.EvrRtxThreadExit)
    EvrRtxThreadFlagsError                   0x0800046d   Thumb Code     2  rtx_evr.o(.text.EvrRtxThreadFlagsError)
    EvrRtxThreadFlagsSet                     0x08000471   Thumb Code     2  rtx_evr.o(.text.EvrRtxThreadFlagsSet)
    EvrRtxThreadFlagsSetDone                 0x08000475   Thumb Code     2  rtx_evr.o(.text.EvrRtxThreadFlagsSetDone)
    EvrRtxThreadFlagsWait                    0x08000479   Thumb Code     2  rtx_evr.o(.text.EvrRtxThreadFlagsWait)
    EvrRtxThreadFlagsWaitCompleted           0x0800047d   Thumb Code     2  rtx_evr.o(.text.EvrRtxThreadFlagsWaitCompleted)
    EvrRtxThreadFlagsWaitNotCompleted        0x08000481   Thumb Code     2  rtx_evr.o(.text.EvrRtxThreadFlagsWaitNotCompleted)
    EvrRtxThreadFlagsWaitPending             0x08000485   Thumb Code     2  rtx_evr.o(.text.EvrRtxThreadFlagsWaitPending)
    EvrRtxThreadFlagsWaitTimeout             0x08000489   Thumb Code     2  rtx_evr.o(.text.EvrRtxThreadFlagsWaitTimeout)
    EvrRtxThreadJoined                       0x0800048d   Thumb Code     2  rtx_evr.o(.text.EvrRtxThreadJoined)
    EvrRtxThreadNew                          0x08000491   Thumb Code     2  rtx_evr.o(.text.EvrRtxThreadNew)
    EvrRtxThreadPreempted                    0x08000495   Thumb Code     2  rtx_evr.o(.text.EvrRtxThreadPreempted)
    EvrRtxThreadSwitched                     0x08000499   Thumb Code     2  rtx_evr.o(.text.EvrRtxThreadSwitched)
    EvrRtxThreadUnblocked                    0x0800049d   Thumb Code     2  rtx_evr.o(.text.EvrRtxThreadUnblocked)
    HAL_DMA_Abort                            0x080004a1   Thumb Code    70  stm32f1xx_hal_dma.o(.text.HAL_DMA_Abort)
    HAL_DMA_Abort_IT                         0x080004e9   Thumb Code   182  stm32f1xx_hal_dma.o(.text.HAL_DMA_Abort_IT)
    HAL_DMA_IRQHandler                       0x080005a1   Thumb Code   416  stm32f1xx_hal_dma.o(.text.HAL_DMA_IRQHandler)
    HAL_DMA_Init                             0x08000741   Thumb Code   132  stm32f1xx_hal_dma.o(.text.HAL_DMA_Init)
    HAL_DMA_Start_IT                         0x080007c5   Thumb Code   160  stm32f1xx_hal_dma.o(.text.HAL_DMA_Start_IT)
    HAL_GPIO_EXTI_Callback                   0x08000865   Thumb Code   172  main.o(.text.HAL_GPIO_EXTI_Callback)
    HAL_GPIO_EXTI_IRQHandler                 0x08000911   Thumb Code    22  stm32f1xx_hal_gpio.o(.text.HAL_GPIO_EXTI_IRQHandler)
    HAL_GPIO_Init                            0x08000929   Thumb Code   526  stm32f1xx_hal_gpio.o(.text.HAL_GPIO_Init)
    HAL_GetTick                              0x08000b39   Thumb Code     4  main.o(.text.HAL_GetTick)
    HAL_Init                                 0x08000b3d   Thumb Code    38  stm32f1xx_hal.o(.text.HAL_Init)
    HAL_InitTick                             0x08000b65   Thumb Code     4  main.o(.text.HAL_InitTick)
    HAL_MspInit                              0x08000b69   Thumb Code    66  stm32f1xx_hal_msp.o(.text.HAL_MspInit)
    HAL_NVIC_EnableIRQ                       0x08000bad   Thumb Code    34  stm32f1xx_hal_cortex.o(.text.HAL_NVIC_EnableIRQ)
    HAL_NVIC_SetPriority                     0x08000bd1   Thumb Code    86  stm32f1xx_hal_cortex.o(.text.HAL_NVIC_SetPriority)
    HAL_NVIC_SetPriorityGrouping             0x08000c29   Thumb Code    32  stm32f1xx_hal_cortex.o(.text.HAL_NVIC_SetPriorityGrouping)
    HAL_RCC_ClockConfig                      0x08000c49   Thumb Code   442  stm32f1xx_hal_rcc.o(.text.HAL_RCC_ClockConfig)
    HAL_RCC_GetPCLK1Freq                     0x08000e05   Thumb Code    38  stm32f1xx_hal_rcc.o(.text.HAL_RCC_GetPCLK1Freq)
    HAL_RCC_GetPCLK2Freq                     0x08000e2d   Thumb Code    38  stm32f1xx_hal_rcc.o(.text.HAL_RCC_GetPCLK2Freq)
    HAL_RCC_OscConfig                        0x08000e55   Thumb Code  1024  stm32f1xx_hal_rcc.o(.text.HAL_RCC_OscConfig)
    HAL_UARTEx_RxEventCallback               0x08001255   Thumb Code     2  stm32f1xx_hal_uart.o(.text.HAL_UARTEx_RxEventCallback)
    HAL_UART_ErrorCallback                   0x08001259   Thumb Code     2  stm32f1xx_hal_uart.o(.text.HAL_UART_ErrorCallback)
    HAL_UART_IRQHandler                      0x0800125d   Thumb Code  1392  stm32f1xx_hal_uart.o(.text.HAL_UART_IRQHandler)
    HAL_UART_Init                            0x080017cd   Thumb Code   226  stm32f1xx_hal_uart.o(.text.HAL_UART_Init)
    HAL_UART_MspInit                         0x080018b1   Thumb Code   246  stm32f1xx_hal_msp.o(.text.HAL_UART_MspInit)
    HAL_UART_RxCpltCallback                  0x080019a9   Thumb Code     2  stm32f1xx_hal_uart.o(.text.HAL_UART_RxCpltCallback)
    HAL_UART_Transmit                        0x080019ad   Thumb Code   402  stm32f1xx_hal_uart.o(.text.HAL_UART_Transmit)
    HAL_UART_Transmit_DMA                    0x08001b41   Thumb Code   194  stm32f1xx_hal_uart.o(.text.HAL_UART_Transmit_DMA)
    HAL_UART_TxCpltCallback                  0x08001c05   Thumb Code    30  main.o(.text.HAL_UART_TxCpltCallback)
    HAL_UART_TxHalfCpltCallback              0x08001c25   Thumb Code     2  stm32f1xx_hal_uart.o(.text.HAL_UART_TxHalfCpltCallback)
    HardFault_Handler                        0x08001c29   Thumb Code     2  stm32f1xx_it.o(.text.HardFault_Handler)
    MemManage_Handler                        0x08001c2d   Thumb Code     2  stm32f1xx_it.o(.text.MemManage_Handler)
    NMI_Handler                              0x08001c31   Thumb Code     2  stm32f1xx_it.o(.text.NMI_Handler)
    OS_Tick_AcknowledgeIRQ                   0x08001c35   Thumb Code    12  os_systick.o(.text.OS_Tick_AcknowledgeIRQ)
    OS_Tick_Enable                           0x08001c41   Thumb Code    50  os_systick.o(.text.OS_Tick_Enable)
    OS_Tick_GetIRQn                          0x08001c75   Thumb Code     6  os_systick.o(.text.OS_Tick_GetIRQn)
    OS_Tick_Setup                            0x08001c7d   Thumb Code    72  os_systick.o(.text.OS_Tick_Setup)
    SystemInit                               0x08001cc5   Thumb Code     2  system_stm32f1xx.o(.text.SystemInit)
    USART2_IRQHandler                        0x08002009   Thumb Code    12  stm32f1xx_it.o(.text.USART2_IRQHandler)
    UsageFault_Handler                       0x08002015   Thumb Code     2  stm32f1xx_it.o(.text.UsageFault_Handler)
    _mutex_acquire                           0x08002019   Thumb Code    66  rtx_lib.o(.text._mutex_acquire)
    _mutex_free                              0x0800205d   Thumb Code     6  rtx_lib.o(.text._mutex_free)
    _mutex_initialize                        0x08002065   Thumb Code    32  rtx_lib.o(.text._mutex_initialize)
    _mutex_release                           0x08002085   Thumb Code    58  rtx_lib.o(.text._mutex_release)
    _platform_post_stackheap_init            0x080020c1   Thumb Code     4  rtx_lib.o(.text._platform_post_stackheap_init)
    main                                     0x08002371   Thumb Code   404  main.o(.text.main)
    osKernelGetState                         0x08002519   Thumb Code    60  rtx_kernel.o(.text.osKernelGetState)
    osKernelGetTickCount                     0x08002555   Thumb Code    52  rtx_kernel.o(.text.osKernelGetTickCount)
    osKernelInitialize                       0x08002589   Thumb Code    56  rtx_kernel.o(.text.osKernelInitialize)
    osKernelStart                            0x080025c1   Thumb Code    52  rtx_kernel.o(.text.osKernelStart)
    osMutexAcquire                           0x080025f5   Thumb Code    60  rtx_mutex.o(.text.osMutexAcquire)
    osMutexDelete                            0x08002631   Thumb Code    58  rtx_mutex.o(.text.osMutexDelete)
    osMutexNew                               0x0800266d   Thumb Code    58  rtx_mutex.o(.text.osMutexNew)
    osMutexRelease                           0x080026a9   Thumb Code    58  rtx_mutex.o(.text.osMutexRelease)
    osRtxErrorNotify                         0x080026e5   Thumb Code     2  rtx_config.o(.text.osRtxErrorNotify)
    osRtxIdleThread                          0x080026e9   Thumb Code     2  rtx_config.o(.text.osRtxIdleThread)
    osRtxKernelBeforeInit                    0x080026ed   Thumb Code     2  rtx_kernel.o(.text.osRtxKernelBeforeInit)
    osRtxKernelErrorNotify                   0x080026f1   Thumb Code    22  rtx_kernel.o(.text.osRtxKernelErrorNotify)
    osRtxMemoryAlloc                         0x08002709   Thumb Code   210  rtx_memory.o(.text.osRtxMemoryAlloc)
    osRtxMemoryFree                          0x080027dd   Thumb Code   140  rtx_memory.o(.text.osRtxMemoryFree)
    osRtxMemoryInit                          0x08002869   Thumb Code    72  rtx_memory.o(.text.osRtxMemoryInit)
    osRtxMemoryPoolAlloc                     0x080028b1   Thumb Code    74  rtx_mempool.o(.text.osRtxMemoryPoolAlloc)
    osRtxMemoryPoolFree                      0x080028fd   Thumb Code    92  rtx_mempool.o(.text.osRtxMemoryPoolFree)
    osRtxMemoryPoolInit                      0x08002959   Thumb Code   190  rtx_mempool.o(.text.osRtxMemoryPoolInit)
    osRtxMutexOwnerRelease                   0x08002a19   Thumb Code   102  rtx_mutex.o(.text.osRtxMutexOwnerRelease)
    osRtxMutexOwnerRestore                   0x08002a81   Thumb Code    84  rtx_mutex.o(.text.osRtxMutexOwnerRestore)
    osRtxPendSV_Handler                      0x08002ad5   Thumb Code   160  rtx_system.o(.text.osRtxPendSV_Handler)
    osRtxPostProcess                         0x08002b99   Thumb Code   120  rtx_system.o(.text.osRtxPostProcess)
    osRtxThreadBeforeFree                    0x08002c11   Thumb Code     2  rtx_lib.o(.text.osRtxThreadBeforeFree)
    osRtxThreadDelayTick                     0x08002c15   Thumb Code   572  rtx_thread.o(.text.osRtxThreadDelayTick)
    osRtxThreadDispatch                      0x08002e51   Thumb Code   472  rtx_thread.o(.text.osRtxThreadDispatch)
    osRtxThreadJoinWakeup                    0x08003091   Thumb Code   212  rtx_thread.o(.text.osRtxThreadJoinWakeup)
    osRtxThreadListGet                       0x08003165   Thumb Code    20  rtx_thread.o(.text.osRtxThreadListGet)
    osRtxThreadListPut                       0x08003179   Thumb Code    96  rtx_thread.o(.text.osRtxThreadListPut)
    osRtxThreadListRemove                    0x080031d9   Thumb Code    24  rtx_thread.o(.text.osRtxThreadListRemove)
    osRtxThreadListSort                      0x080031f1   Thumb Code   164  rtx_thread.o(.text.osRtxThreadListSort)
    osRtxThreadReadyPut                      0x080033d5   Thumb Code   112  rtx_thread.o(.text.osRtxThreadReadyPut)
    osRtxThreadStartup                       0x08003445   Thumb Code    76  rtx_thread.o(.text.osRtxThreadStartup)
    osRtxThreadSwitch                        0x08003491   Thumb Code    36  rtx_thread.o(.text.osRtxThreadSwitch)
    osRtxThreadWaitEnter                     0x080034b5   Thumb Code   334  rtx_thread.o(.text.osRtxThreadWaitEnter)
    osRtxThreadWaitExit                      0x08003605   Thumb Code   224  rtx_thread.o(.text.osRtxThreadWaitExit)
    osRtxTick_Handler                        0x080036e5   Thumb Code   130  rtx_system.o(.text.osRtxTick_Handler)
    osThreadExit                             0x08003771   Thumb Code    26  rtx_thread.o(.text.osThreadExit)
    osThreadFlagsSet                         0x0800378d   Thumb Code   144  rtx_thread.o(.text.osThreadFlagsSet)
    osThreadFlagsWait                        0x0800381d   Thumb Code    66  rtx_thread.o(.text.osThreadFlagsWait)
    osThreadNew                              0x08003861   Thumb Code    66  rtx_thread.o(.text.osThreadNew)
    osRtxConfig                              0x08004378   Data         112  rtx_lib.o(.rodata)
    os_cb_sections                           0x080043e8   Data          56  rtx_lib.o(.rodata)
    AHBPrescTable                            0x08004420   Data          16  system_stm32f1xx.o(.rodata.AHBPrescTable)
    APBPrescTable                            0x08004430   Data           8  system_stm32f1xx.o(.rodata.APBPrescTable)
    osRtxUserSVC                             0x08004470   Data           4  rtx_lib.o(.rodata.osRtxUserSVC)
    Region$$Table$$Base                      0x080044bc   Number         0  anon$$obj.o(Region$$Table)
    Region$$Table$$Limit                     0x080044dc   Number         0  anon$$obj.o(Region$$Table)
    uwTickFreq                               0x20000000   Data           1  stm32f1xx_hal.o(.data..L_MergedGlobals)
    uwTickPrio                               0x20000004   Data           4  stm32f1xx_hal.o(.data..L_MergedGlobals)
    SystemCoreClock                          0x20000008   Data           4  system_stm32f1xx.o(.data.SystemCoreClock)
    osRtxInfo                                0x2000000c   Data         164  rtx_kernel.o(.data.os)
    __libspace_start                         0x200000b0   Data          96  libspace.o(.bss)
    __temporary_stack_top$libspace           0x20000110   Data           0  libspace.o(.bss)
    ir_index                                 0x20000110   Data           1  main.o(.bss..L_MergedGlobals)
    ir_data_ready                            0x20000111   Data           1  main.o(.bss..L_MergedGlobals)
    uart_busy                                0x20000112   Data           1  main.o(.bss..L_MergedGlobals)
    hdma_usart2_rx                           0x20000160   Data          68  main.o(.bss.hdma_usart2_rx)
    hdma_usart2_tx                           0x200001a4   Data          68  main.o(.bss.hdma_usart2_tx)
    huart2                                   0x200001e8   Data          72  main.o(.bss.huart2)
    ir_buffer                                0x20000230   Data         136  main.o(.bss.ir_buffer)
    .bss.os.thread.cb$$Base                  0x20000acc   Number         0  rtx_lib.o(.bss.os.thread.cb)
    .bss.os.thread.cb$$Limit                 0x20000b1c   Number         0  rtx_lib.o(.bss.os.thread.cb)



==============================================================================

Memory Map of the image

  Image Entry point : 0x080000ed

  Load Region LR_IROM1 (Base: 0x08000000, Size: 0x00004590, Max: 0x00020000, ABSOLUTE)

    Execution Region ER_IROM1 (Exec base: 0x08000000, Load base: 0x08000000, Size: 0x000044dc, Max: 0x00020000, ABSOLUTE)

    Exec Addr    Load Addr    Size         Type   Attr      Idx    E Section Name        Object

    0x08000000   0x08000000   0x000000ec   Data   RO            3    RESET               startup_stm32f103xb.o
    0x080000ec   0x080000ec   0x00000008   Code   RO         1574  * !!!main             c_w.l(__main.o)
    0x080000f4   0x080000f4   0x0000005c   Code   RO         1739    !!!scatter          c_w.l(__scatter.o)
    0x08000150   0x08000150   0x0000001a   Code   RO         1743    !!handler_copy      c_w.l(__scatter_copy.o)
    0x0800016a   0x0800016a   0x00000002   PAD
    0x0800016c   0x0800016c   0x00000002   Code   RO         1740    !!handler_null      c_w.l(__scatter.o)
    0x0800016e   0x0800016e   0x00000002   PAD
    0x08000170   0x08000170   0x0000001c   Code   RO         1745    !!handler_zi        c_w.l(__scatter_zi.o)
    0x0800018c   0x0800018c   0x00000002   Code   RO         1601    .ARM.Collect$$libinit$$00000000  c_w.l(libinit.o)
    0x0800018e   0x0800018e   0x00000000   Code   RO         1608    .ARM.Collect$$libinit$$00000002  c_w.l(libinit2.o)
    0x0800018e   0x0800018e   0x00000000   Code   RO         1610    .ARM.Collect$$libinit$$00000004  c_w.l(libinit2.o)
    0x0800018e   0x0800018e   0x00000000   Code   RO         1612    .ARM.Collect$$libinit$$00000006  c_w.l(libinit2.o)
    0x0800018e   0x0800018e   0x00000000   Code   RO         1615    .ARM.Collect$$libinit$$0000000C  c_w.l(libinit2.o)
    0x0800018e   0x0800018e   0x00000000   Code   RO         1617    .ARM.Collect$$libinit$$0000000E  c_w.l(libinit2.o)
    0x0800018e   0x0800018e   0x00000000   Code   RO         1619    .ARM.Collect$$libinit$$00000010  c_w.l(libinit2.o)
    0x0800018e   0x0800018e   0x00000000   Code   RO         1622    .ARM.Collect$$libinit$$00000013  c_w.l(libinit2.o)
    0x0800018e   0x0800018e   0x00000000   Code   RO         1624    .ARM.Collect$$libinit$$00000015  c_w.l(libinit2.o)
    0x0800018e   0x0800018e   0x00000000   Code   RO         1626    .ARM.Collect$$libinit$$00000017  c_w.l(libinit2.o)
    0x0800018e   0x0800018e   0x00000000   Code   RO         1628    .ARM.Collect$$libinit$$00000019  c_w.l(libinit2.o)
    0x0800018e   0x0800018e   0x00000000   Code   RO         1630    .ARM.Collect$$libinit$$0000001B  c_w.l(libinit2.o)
    0x0800018e   0x0800018e   0x00000000   Code   RO         1632    .ARM.Collect$$libinit$$0000001D  c_w.l(libinit2.o)
    0x0800018e   0x0800018e   0x00000000   Code   RO         1634    .ARM.Collect$$libinit$$0000001F  c_w.l(libinit2.o)
    0x0800018e   0x0800018e   0x00000000   Code   RO         1636    .ARM.Collect$$libinit$$00000021  c_w.l(libinit2.o)
    0x0800018e   0x0800018e   0x00000000   Code   RO         1638    .ARM.Collect$$libinit$$00000023  c_w.l(libinit2.o)
    0x0800018e   0x0800018e   0x00000000   Code   RO         1640    .ARM.Collect$$libinit$$00000025  c_w.l(libinit2.o)
    0x0800018e   0x0800018e   0x00000000   Code   RO         1642    .ARM.Collect$$libinit$$00000027  c_w.l(libinit2.o)
    0x0800018e   0x0800018e   0x00000000   Code   RO         1646    .ARM.Collect$$libinit$$0000002E  c_w.l(libinit2.o)
    0x0800018e   0x0800018e   0x00000000   Code   RO         1648    .ARM.Collect$$libinit$$00000030  c_w.l(libinit2.o)
    0x0800018e   0x0800018e   0x00000000   Code   RO         1650    .ARM.Collect$$libinit$$00000032  c_w.l(libinit2.o)
    0x0800018e   0x0800018e   0x00000000   Code   RO         1652    .ARM.Collect$$libinit$$00000034  c_w.l(libinit2.o)
    0x0800018e   0x0800018e   0x00000002   Code   RO         1653    .ARM.Collect$$libinit$$00000035  c_w.l(libinit2.o)
    0x08000190   0x08000190   0x00000002   Code   RO         1675    .ARM.Collect$$libshutdown$$00000000  c_w.l(libshutdown.o)
    0x08000192   0x08000192   0x00000000   Code   RO         1690    .ARM.Collect$$libshutdown$$00000002  c_w.l(libshutdown2.o)
    0x08000192   0x08000192   0x00000000   Code   RO         1692    .ARM.Collect$$libshutdown$$00000004  c_w.l(libshutdown2.o)
    0x08000192   0x08000192   0x00000000   Code   RO         1695    .ARM.Collect$$libshutdown$$00000007  c_w.l(libshutdown2.o)
    0x08000192   0x08000192   0x00000000   Code   RO         1698    .ARM.Collect$$libshutdown$$0000000A  c_w.l(libshutdown2.o)
    0x08000192   0x08000192   0x00000000   Code   RO         1700    .ARM.Collect$$libshutdown$$0000000C  c_w.l(libshutdown2.o)
    0x08000192   0x08000192   0x00000000   Code   RO         1703    .ARM.Collect$$libshutdown$$0000000F  c_w.l(libshutdown2.o)
    0x08000192   0x08000192   0x00000002   Code   RO         1704    .ARM.Collect$$libshutdown$$00000010  c_w.l(libshutdown2.o)
    0x08000194   0x08000194   0x00000000   Code   RO         1576    .ARM.Collect$$rtentry$$00000000  c_w.l(__rtentry.o)
    0x08000194   0x08000194   0x00000000   Code   RO         1580    .ARM.Collect$$rtentry$$00000002  c_w.l(__rtentry2.o)
    0x08000194   0x08000194   0x00000006   Code   RO         1592    .ARM.Collect$$rtentry$$00000004  c_w.l(__rtentry4.o)
    0x0800019a   0x0800019a   0x00000008   Code   RO         1581    .ARM.Collect$$rtentry$$00000008  c_w.l(__rtentry2.o)
    0x080001a2   0x080001a2   0x00000004   Code   RO         1583    .ARM.Collect$$rtentry$$0000000A  c_w.l(__rtentry2.o)
    0x080001a6   0x080001a6   0x00000000   Code   RO         1585    .ARM.Collect$$rtentry$$0000000C  c_w.l(__rtentry2.o)
    0x080001a6   0x080001a6   0x00000008   Code   RO         1586    .ARM.Collect$$rtentry$$0000000D  c_w.l(__rtentry2.o)
    0x080001ae   0x080001ae   0x00000002   Code   RO         1605    .ARM.Collect$$rtexit$$00000000  c_w.l(rtexit.o)
    0x080001b0   0x080001b0   0x00000000   Code   RO         1655    .ARM.Collect$$rtexit$$00000002  c_w.l(rtexit2.o)
    0x080001b0   0x080001b0   0x00000004   Code   RO         1656    .ARM.Collect$$rtexit$$00000003  c_w.l(rtexit2.o)
    0x080001b4   0x080001b4   0x00000006   Code   RO         1657    .ARM.Collect$$rtexit$$00000004  c_w.l(rtexit2.o)
    0x080001ba   0x080001ba   0x00000002   PAD
    0x080001bc   0x080001bc   0x0000003c   Code   RO            4    .text               startup_stm32f103xb.o
    0x080001f8   0x080001f8   0x00000098   Code   RO          572    .text               irq_armv7m.o
    0x08000290   0x08000290   0x0000003e   Code   RO         1562    .text               c_w.l(strlen.o)
    0x080002ce   0x080002ce   0x00000010   Code   RO         1566    .text               c_w.l(aeabi_memset4.o)
    0x080002de   0x080002de   0x0000004e   Code   RO         1570    .text               c_w.l(rt_memclr_w.o)
    0x0800032c   0x0800032c   0x00000006   Code   RO         1572    .text               c_w.l(heapauxi.o)
    0x08000332   0x08000332   0x0000004a   Code   RO         1594    .text               c_w.l(sys_stackheap_outer.o)
    0x0800037c   0x0800037c   0x00000012   Code   RO         1596    .text               c_w.l(exit.o)
    0x0800038e   0x0800038e   0x00000002   PAD
    0x08000390   0x08000390   0x00000008   Code   RO         1602    .text               c_w.l(libspace.o)
    0x08000398   0x08000398   0x0000000c   Code   RO         1665    .text               c_w.l(sys_exit.o)
    0x080003a4   0x080003a4   0x00000002   Code   RO         1680    .text               c_w.l(use_no_semi.o)
    0x080003a6   0x080003a6   0x00000000   Code   RO         1682    .text               c_w.l(indicate_semi.o)
    0x080003a6   0x080003a6   0x00000002   PAD
    0x080003a8   0x080003a8   0x00000002   Code   RO           56    .text.BusFault_Handler  stm32f1xx_it.o
    0x080003aa   0x080003aa   0x00000002   PAD
    0x080003ac   0x080003ac   0x0000000c   Code   RO           62    .text.DMA1_Channel6_IRQHandler  stm32f1xx_it.o
    0x080003b8   0x080003b8   0x0000000c   Code   RO           64    .text.DMA1_Channel7_IRQHandler  stm32f1xx_it.o
    0x080003c4   0x080003c4   0x00000002   Code   RO           60    .text.DebugMon_Handler  stm32f1xx_it.o
    0x080003c6   0x080003c6   0x00000002   PAD
    0x080003c8   0x080003c8   0x00000008   Code   RO           68    .text.EXTI15_10_IRQHandler  stm32f1xx_it.o
    0x080003d0   0x080003d0   0x00000006   Code   RO           21    .text.Error_Handler  main.o
    0x080003d6   0x080003d6   0x00000002   PAD
    0x080003d8   0x080003d8   0x00000002   Code   RO          810    .text.EvrRtxDelayCompleted  rtx_evr.o
    0x080003da   0x080003da   0x00000002   PAD
    0x080003dc   0x080003dc   0x00000002   Code   RO          858    .text.EvrRtxEventFlagsWaitTimeout  rtx_evr.o
    0x080003de   0x080003de   0x00000002   PAD
    0x080003e0   0x080003e0   0x00000002   Code   RO          646    .text.EvrRtxKernelError  rtx_evr.o
    0x080003e2   0x080003e2   0x00000002   PAD
    0x080003e4   0x080003e4   0x00000002   Code   RO          694    .text.EvrRtxKernelErrorNotify  rtx_evr.o
    0x080003e6   0x080003e6   0x00000002   PAD
    0x080003e8   0x080003e8   0x00000002   Code   RO          656    .text.EvrRtxKernelGetState  rtx_evr.o
    0x080003ea   0x080003ea   0x00000002   PAD
    0x080003ec   0x080003ec   0x00000002   Code   RO          686    .text.EvrRtxKernelGetTickCount  rtx_evr.o
    0x080003ee   0x080003ee   0x00000002   PAD
    0x080003f0   0x080003f0   0x00000002   Code   RO          648    .text.EvrRtxKernelInitialize  rtx_evr.o
    0x080003f2   0x080003f2   0x00000002   PAD
    0x080003f4   0x080003f4   0x00000002   Code   RO          650    .text.EvrRtxKernelInitialized  rtx_evr.o
    0x080003f6   0x080003f6   0x00000002   PAD
    0x080003f8   0x080003f8   0x00000002   Code   RO          658    .text.EvrRtxKernelStart  rtx_evr.o
    0x080003fa   0x080003fa   0x00000002   PAD
    0x080003fc   0x080003fc   0x00000002   Code   RO          660    .text.EvrRtxKernelStarted  rtx_evr.o
    0x080003fe   0x080003fe   0x00000002   PAD
    0x08000400   0x08000400   0x00000002   Code   RO          636    .text.EvrRtxMemoryAlloc  rtx_evr.o
    0x08000402   0x08000402   0x00000002   PAD
    0x08000404   0x08000404   0x00000002   Code   RO          642    .text.EvrRtxMemoryBlockAlloc  rtx_evr.o
    0x08000406   0x08000406   0x00000002   PAD
    0x08000408   0x08000408   0x00000002   Code   RO          644    .text.EvrRtxMemoryBlockFree  rtx_evr.o
    0x0800040a   0x0800040a   0x00000002   PAD
    0x0800040c   0x0800040c   0x00000002   Code   RO          640    .text.EvrRtxMemoryBlockInit  rtx_evr.o
    0x0800040e   0x0800040e   0x00000002   PAD
    0x08000410   0x08000410   0x00000002   Code   RO          638    .text.EvrRtxMemoryFree  rtx_evr.o
    0x08000412   0x08000412   0x00000002   PAD
    0x08000414   0x08000414   0x00000002   Code   RO          634    .text.EvrRtxMemoryInit  rtx_evr.o
    0x08000416   0x08000416   0x00000002   PAD
    0x08000418   0x08000418   0x00000002   Code   RO          936    .text.EvrRtxMemoryPoolAllocTimeout  rtx_evr.o
    0x0800041a   0x0800041a   0x00000002   PAD
    0x0800041c   0x0800041c   0x00000002   Code   RO          984    .text.EvrRtxMessageQueueGetTimeout  rtx_evr.o
    0x0800041e   0x0800041e   0x00000002   PAD
    0x08000420   0x08000420   0x00000002   Code   RO          972    .text.EvrRtxMessageQueuePutTimeout  rtx_evr.o
    0x08000422   0x08000422   0x00000002   PAD
    0x08000424   0x08000424   0x00000002   Code   RO          876    .text.EvrRtxMutexAcquire  rtx_evr.o
    0x08000426   0x08000426   0x00000002   PAD
    0x08000428   0x08000428   0x00000002   Code   RO          878    .text.EvrRtxMutexAcquirePending  rtx_evr.o
    0x0800042a   0x0800042a   0x00000002   PAD
    0x0800042c   0x0800042c   0x00000002   Code   RO          880    .text.EvrRtxMutexAcquireTimeout  rtx_evr.o
    0x0800042e   0x0800042e   0x00000002   PAD
    0x08000430   0x08000430   0x00000002   Code   RO          882    .text.EvrRtxMutexAcquired  rtx_evr.o
    0x08000432   0x08000432   0x00000002   PAD
    0x08000434   0x08000434   0x00000002   Code   RO          872    .text.EvrRtxMutexCreated  rtx_evr.o
    0x08000436   0x08000436   0x00000002   PAD
    0x08000438   0x08000438   0x00000002   Code   RO          892    .text.EvrRtxMutexDelete  rtx_evr.o
    0x0800043a   0x0800043a   0x00000002   PAD
    0x0800043c   0x0800043c   0x00000002   Code   RO          894    .text.EvrRtxMutexDestroyed  rtx_evr.o
    0x0800043e   0x0800043e   0x00000002   PAD
    0x08000440   0x08000440   0x00000002   Code   RO          868    .text.EvrRtxMutexError  rtx_evr.o
    0x08000442   0x08000442   0x00000002   PAD
    0x08000444   0x08000444   0x00000002   Code   RO          870    .text.EvrRtxMutexNew  rtx_evr.o
    0x08000446   0x08000446   0x00000002   PAD
    0x08000448   0x08000448   0x00000002   Code   RO          884    .text.EvrRtxMutexNotAcquired  rtx_evr.o
    0x0800044a   0x0800044a   0x00000002   PAD
    0x0800044c   0x0800044c   0x00000002   Code   RO          886    .text.EvrRtxMutexRelease  rtx_evr.o
    0x0800044e   0x0800044e   0x00000002   PAD
    0x08000450   0x08000450   0x00000002   Code   RO          888    .text.EvrRtxMutexReleased  rtx_evr.o
    0x08000452   0x08000452   0x00000002   PAD
    0x08000454   0x08000454   0x00000002   Code   RO          908    .text.EvrRtxSemaphoreAcquireTimeout  rtx_evr.o
    0x08000456   0x08000456   0x00000002   PAD
    0x08000458   0x08000458   0x00000002   Code   RO          744    .text.EvrRtxThreadBlocked  rtx_evr.o
    0x0800045a   0x0800045a   0x00000002   PAD
    0x0800045c   0x0800045c   0x00000002   Code   RO          702    .text.EvrRtxThreadCreated  rtx_evr.o
    0x0800045e   0x0800045e   0x00000002   PAD
    0x08000460   0x08000460   0x00000002   Code   RO          756    .text.EvrRtxThreadDestroyed  rtx_evr.o
    0x08000462   0x08000462   0x00000002   PAD
    0x08000464   0x08000464   0x00000002   Code   RO          698    .text.EvrRtxThreadError  rtx_evr.o
    0x08000466   0x08000466   0x00000002   PAD
    0x08000468   0x08000468   0x00000002   Code   RO          752    .text.EvrRtxThreadExit  rtx_evr.o
    0x0800046a   0x0800046a   0x00000002   PAD
    0x0800046c   0x0800046c   0x00000002   Code   RO          778    .text.EvrRtxThreadFlagsError  rtx_evr.o
    0x0800046e   0x0800046e   0x00000002   PAD
    0x08000470   0x08000470   0x00000002   Code   RO          780    .text.EvrRtxThreadFlagsSet  rtx_evr.o
    0x08000472   0x08000472   0x00000002   PAD
    0x08000474   0x08000474   0x00000002   Code   RO          782    .text.EvrRtxThreadFlagsSetDone  rtx_evr.o
    0x08000476   0x08000476   0x00000002   PAD
    0x08000478   0x08000478   0x00000002   Code   RO          790    .text.EvrRtxThreadFlagsWait  rtx_evr.o
    0x0800047a   0x0800047a   0x00000002   PAD
    0x0800047c   0x0800047c   0x00000002   Code   RO          796    .text.EvrRtxThreadFlagsWaitCompleted  rtx_evr.o
    0x0800047e   0x0800047e   0x00000002   PAD
    0x08000480   0x08000480   0x00000002   Code   RO          798    .text.EvrRtxThreadFlagsWaitNotCompleted  rtx_evr.o
    0x08000482   0x08000482   0x00000002   PAD
    0x08000484   0x08000484   0x00000002   Code   RO          792    .text.EvrRtxThreadFlagsWaitPending  rtx_evr.o
    0x08000486   0x08000486   0x00000002   PAD
    0x08000488   0x08000488   0x00000002   Code   RO          794    .text.EvrRtxThreadFlagsWaitTimeout  rtx_evr.o
    0x0800048a   0x0800048a   0x00000002   PAD
    0x0800048c   0x0800048c   0x00000002   Code   RO          742    .text.EvrRtxThreadJoined  rtx_evr.o
    0x0800048e   0x0800048e   0x00000002   PAD
    0x08000490   0x08000490   0x00000002   Code   RO          700    .text.EvrRtxThreadNew  rtx_evr.o
    0x08000492   0x08000492   0x00000002   PAD
    0x08000494   0x08000494   0x00000002   Code   RO          748    .text.EvrRtxThreadPreempted  rtx_evr.o
    0x08000496   0x08000496   0x00000002   PAD
    0x08000498   0x08000498   0x00000002   Code   RO          750    .text.EvrRtxThreadSwitched  rtx_evr.o
    0x0800049a   0x0800049a   0x00000002   PAD
    0x0800049c   0x0800049c   0x00000002   Code   RO          746    .text.EvrRtxThreadUnblocked  rtx_evr.o
    0x0800049e   0x0800049e   0x00000002   PAD
    0x080004a0   0x080004a0   0x00000046   Code   RO          249    .text.HAL_DMA_Abort  stm32f1xx_hal_dma.o
    0x080004e6   0x080004e6   0x00000002   PAD
    0x080004e8   0x080004e8   0x000000b6   Code   RO          251    .text.HAL_DMA_Abort_IT  stm32f1xx_hal_dma.o
    0x0800059e   0x0800059e   0x00000002   PAD
    0x080005a0   0x080005a0   0x000001a0   Code   RO          255    .text.HAL_DMA_IRQHandler  stm32f1xx_hal_dma.o
    0x08000740   0x08000740   0x00000084   Code   RO          241    .text.HAL_DMA_Init  stm32f1xx_hal_dma.o
    0x080007c4   0x080007c4   0x000000a0   Code   RO          247    .text.HAL_DMA_Start_IT  stm32f1xx_hal_dma.o
    0x08000864   0x08000864   0x000000ac   Code   RO           17    .text.HAL_GPIO_EXTI_Callback  main.o
    0x08000910   0x08000910   0x00000016   Code   RO          229    .text.HAL_GPIO_EXTI_IRQHandler  stm32f1xx_hal_gpio.o
    0x08000926   0x08000926   0x00000002   PAD
    0x08000928   0x08000928   0x0000020e   Code   RO          217    .text.HAL_GPIO_Init  stm32f1xx_hal_gpio.o
    0x08000b36   0x08000b36   0x00000002   PAD
    0x08000b38   0x08000b38   0x00000004   Code   RO           23    .text.HAL_GetTick   main.o
    0x08000b3c   0x08000b3c   0x00000026   Code   RO          105    .text.HAL_Init      stm32f1xx_hal.o
    0x08000b62   0x08000b62   0x00000002   PAD
    0x08000b64   0x08000b64   0x00000004   Code   RO           27    .text.HAL_InitTick  main.o
    0x08000b68   0x08000b68   0x00000042   Code   RO           77    .text.HAL_MspInit   stm32f1xx_hal_msp.o
    0x08000baa   0x08000baa   0x00000002   PAD
    0x08000bac   0x08000bac   0x00000022   Code   RO          277    .text.HAL_NVIC_EnableIRQ  stm32f1xx_hal_cortex.o
    0x08000bce   0x08000bce   0x00000002   PAD
    0x08000bd0   0x08000bd0   0x00000056   Code   RO          275    .text.HAL_NVIC_SetPriority  stm32f1xx_hal_cortex.o
    0x08000c26   0x08000c26   0x00000002   PAD
    0x08000c28   0x08000c28   0x00000020   Code   RO          273    .text.HAL_NVIC_SetPriorityGrouping  stm32f1xx_hal_cortex.o
    0x08000c48   0x08000c48   0x000001ba   Code   RO          169    .text.HAL_RCC_ClockConfig  stm32f1xx_hal_rcc.o
    0x08000e02   0x08000e02   0x00000002   PAD
    0x08000e04   0x08000e04   0x00000026   Code   RO          181    .text.HAL_RCC_GetPCLK1Freq  stm32f1xx_hal_rcc.o
    0x08000e2a   0x08000e2a   0x00000002   PAD
    0x08000e2c   0x08000e2c   0x00000026   Code   RO          183    .text.HAL_RCC_GetPCLK2Freq  stm32f1xx_hal_rcc.o
    0x08000e52   0x08000e52   0x00000002   PAD
    0x08000e54   0x08000e54   0x00000400   Code   RO          167    .text.HAL_RCC_OscConfig  stm32f1xx_hal_rcc.o
    0x08001254   0x08001254   0x00000002   Code   RO          522    .text.HAL_UARTEx_RxEventCallback  stm32f1xx_hal_uart.o
    0x08001256   0x08001256   0x00000002   PAD
    0x08001258   0x08001258   0x00000002   Code   RO          520    .text.HAL_UART_ErrorCallback  stm32f1xx_hal_uart.o
    0x0800125a   0x0800125a   0x00000002   PAD
    0x0800125c   0x0800125c   0x00000570   Code   RO          514    .text.HAL_UART_IRQHandler  stm32f1xx_hal_uart.o
    0x080017cc   0x080017cc   0x000000e2   Code   RO          438    .text.HAL_UART_Init  stm32f1xx_hal_uart.o
    0x080018ae   0x080018ae   0x00000002   PAD
    0x080018b0   0x080018b0   0x000000f6   Code   RO           79    .text.HAL_UART_MspInit  stm32f1xx_hal_msp.o
    0x080019a6   0x080019a6   0x00000002   PAD
    0x080019a8   0x080019a8   0x00000002   Code   RO          528    .text.HAL_UART_RxCpltCallback  stm32f1xx_hal_uart.o
    0x080019aa   0x080019aa   0x00000002   PAD
    0x080019ac   0x080019ac   0x00000192   Code   RO          452    .text.HAL_UART_Transmit  stm32f1xx_hal_uart.o
    0x08001b3e   0x08001b3e   0x00000002   PAD
    0x08001b40   0x08001b40   0x000000c2   Code   RO          462    .text.HAL_UART_Transmit_DMA  stm32f1xx_hal_uart.o
    0x08001c02   0x08001c02   0x00000002   PAD
    0x08001c04   0x08001c04   0x0000001e   Code   RO           19    .text.HAL_UART_TxCpltCallback  main.o
    0x08001c22   0x08001c22   0x00000002   PAD
    0x08001c24   0x08001c24   0x00000002   Code   RO          526    .text.HAL_UART_TxHalfCpltCallback  stm32f1xx_hal_uart.o
    0x08001c26   0x08001c26   0x00000002   PAD
    0x08001c28   0x08001c28   0x00000002   Code   RO           52    .text.HardFault_Handler  stm32f1xx_it.o
    0x08001c2a   0x08001c2a   0x00000002   PAD
    0x08001c2c   0x08001c2c   0x00000002   Code   RO           54    .text.MemManage_Handler  stm32f1xx_it.o
    0x08001c2e   0x08001c2e   0x00000002   PAD
    0x08001c30   0x08001c30   0x00000002   Code   RO           50    .text.NMI_Handler   stm32f1xx_it.o
    0x08001c32   0x08001c32   0x00000002   PAD
    0x08001c34   0x08001c34   0x0000000c   Code   RO         1529    .text.OS_Tick_AcknowledgeIRQ  os_systick.o
    0x08001c40   0x08001c40   0x00000032   Code   RO         1525    .text.OS_Tick_Enable  os_systick.o
    0x08001c72   0x08001c72   0x00000002   PAD
    0x08001c74   0x08001c74   0x00000006   Code   RO         1531    .text.OS_Tick_GetIRQn  os_systick.o
    0x08001c7a   0x08001c7a   0x00000002   PAD
    0x08001c7c   0x08001c7c   0x00000048   Code   RO         1523    .text.OS_Tick_Setup  os_systick.o
    0x08001cc4   0x08001cc4   0x00000002   Code   RO          558    .text.SystemInit    system_stm32f1xx.o
    0x08001cc6   0x08001cc6   0x00000002   PAD
    0x08001cc8   0x08001cc8   0x0000000c   Code   RO          518    .text.UART_DMAAbortOnError  stm32f1xx_hal_uart.o
    0x08001cd4   0x08001cd4   0x0000017c   Code   RO          468    .text.UART_DMAError  stm32f1xx_hal_uart.o
    0x08001e50   0x08001e50   0x000000b0   Code   RO          464    .text.UART_DMATransmitCplt  stm32f1xx_hal_uart.o
    0x08001f00   0x08001f00   0x00000006   Code   RO          466    .text.UART_DMATxHalfCplt  stm32f1xx_hal_uart.o
    0x08001f06   0x08001f06   0x00000002   PAD
    0x08001f08   0x08001f08   0x000000fe   Code   RO          516    .text.UART_Receive_IT  stm32f1xx_hal_uart.o
    0x08002006   0x08002006   0x00000002   PAD
    0x08002008   0x08002008   0x0000000c   Code   RO           66    .text.USART2_IRQHandler  stm32f1xx_it.o
    0x08002014   0x08002014   0x00000002   Code   RO           58    .text.UsageFault_Handler  stm32f1xx_it.o
    0x08002016   0x08002016   0x00000002   PAD
    0x08002018   0x08002018   0x00000042   Code   RO         1095    .text._mutex_acquire  rtx_lib.o
    0x0800205a   0x0800205a   0x00000002   PAD
    0x0800205c   0x0800205c   0x00000006   Code   RO         1099    .text._mutex_free   rtx_lib.o
    0x08002062   0x08002062   0x00000002   PAD
    0x08002064   0x08002064   0x00000020   Code   RO         1093    .text._mutex_initialize  rtx_lib.o
    0x08002084   0x08002084   0x0000003a   Code   RO         1097    .text._mutex_release  rtx_lib.o
    0x080020be   0x080020be   0x00000002   PAD
    0x080020c0   0x080020c0   0x00000004   Code   RO         1087    .text._platform_post_stackheap_init  rtx_lib.o
    0x080020c4   0x080020c4   0x000002ac   Code   RO           15    .text.irTask        main.o
    0x08002370   0x08002370   0x000001a8   Code   RO           11    .text.main          main.o
    0x08002518   0x08002518   0x0000003c   Code   RO         1023    .text.osKernelGetState  rtx_kernel.o
    0x08002554   0x08002554   0x00000034   Code   RO         1047    .text.osKernelGetTickCount  rtx_kernel.o
    0x08002588   0x08002588   0x00000038   Code   RO         1017    .text.osKernelInitialize  rtx_kernel.o
    0x080025c0   0x080025c0   0x00000034   Code   RO         1027    .text.osKernelStart  rtx_kernel.o
    0x080025f4   0x080025f4   0x0000003c   Code   RO         1247    .text.osMutexAcquire  rtx_mutex.o
    0x08002630   0x08002630   0x0000003a   Code   RO         1253    .text.osMutexDelete  rtx_mutex.o
    0x0800266a   0x0800266a   0x00000002   PAD
    0x0800266c   0x0800266c   0x0000003a   Code   RO         1241    .text.osMutexNew    rtx_mutex.o
    0x080026a6   0x080026a6   0x00000002   PAD
    0x080026a8   0x080026a8   0x0000003a   Code   RO         1249    .text.osMutexRelease  rtx_mutex.o
    0x080026e2   0x080026e2   0x00000002   PAD
    0x080026e4   0x080026e4   0x00000002   Code   RO         1552    .text.osRtxErrorNotify  rtx_config.o
    0x080026e6   0x080026e6   0x00000002   PAD
    0x080026e8   0x080026e8   0x00000002   Code   RO         1550    .text.osRtxIdleThread  rtx_config.o
    0x080026ea   0x080026ea   0x00000002   PAD
    0x080026ec   0x080026ec   0x00000002   Code   RO         1013    .text.osRtxKernelBeforeInit  rtx_kernel.o
    0x080026ee   0x080026ee   0x00000002   PAD
    0x080026f0   0x080026f0   0x00000016   Code   RO         1015    .text.osRtxKernelErrorNotify  rtx_kernel.o
    0x08002706   0x08002706   0x00000002   PAD
    0x08002708   0x08002708   0x000000d2   Code   RO         1121    .text.osRtxMemoryAlloc  rtx_memory.o
    0x080027da   0x080027da   0x00000002   PAD
    0x080027dc   0x080027dc   0x0000008c   Code   RO         1123    .text.osRtxMemoryFree  rtx_memory.o
    0x08002868   0x08002868   0x00000048   Code   RO         1119    .text.osRtxMemoryInit  rtx_memory.o
    0x080028b0   0x080028b0   0x0000004a   Code   RO         1135    .text.osRtxMemoryPoolAlloc  rtx_mempool.o
    0x080028fa   0x080028fa   0x00000002   PAD
    0x080028fc   0x080028fc   0x0000005c   Code   RO         1137    .text.osRtxMemoryPoolFree  rtx_mempool.o
    0x08002958   0x08002958   0x000000be   Code   RO         1133    .text.osRtxMemoryPoolInit  rtx_mempool.o
    0x08002a16   0x08002a16   0x00000002   PAD
    0x08002a18   0x08002a18   0x00000066   Code   RO         1237    .text.osRtxMutexOwnerRelease  rtx_mutex.o
    0x08002a7e   0x08002a7e   0x00000002   PAD
    0x08002a80   0x08002a80   0x00000054   Code   RO         1239    .text.osRtxMutexOwnerRestore  rtx_mutex.o
    0x08002ad4   0x08002ad4   0x000000c4   Code   RO         1309    .text.osRtxPendSV_Handler  rtx_system.o
    0x08002b98   0x08002b98   0x00000078   Code   RO         1311    .text.osRtxPostProcess  rtx_system.o
    0x08002c10   0x08002c10   0x00000002   Code   RO         1091    .text.osRtxThreadBeforeFree  rtx_lib.o
    0x08002c12   0x08002c12   0x00000002   PAD
    0x08002c14   0x08002c14   0x0000023c   Code   RO         1333    .text.osRtxThreadDelayTick  rtx_thread.o
    0x08002e50   0x08002e50   0x000001d8   Code   RO         1339    .text.osRtxThreadDispatch  rtx_thread.o
    0x08003028   0x08003028   0x00000066   Code   RO         1349    .text.osRtxThreadFree  rtx_thread.o
    0x0800308e   0x0800308e   0x00000002   PAD
    0x08003090   0x08003090   0x000000d4   Code   RO         1345    .text.osRtxThreadJoinWakeup  rtx_thread.o
    0x08003164   0x08003164   0x00000014   Code   RO         1323    .text.osRtxThreadListGet  rtx_thread.o
    0x08003178   0x08003178   0x00000060   Code   RO         1321    .text.osRtxThreadListPut  rtx_thread.o
    0x080031d8   0x080031d8   0x00000018   Code   RO         1327    .text.osRtxThreadListRemove  rtx_thread.o
    0x080031f0   0x080031f0   0x000000a4   Code   RO         1325    .text.osRtxThreadListSort  rtx_thread.o
    0x08003294   0x08003294   0x00000140   Code   RO         1431    .text.osRtxThreadPostProcess  rtx_thread.o
    0x080033d4   0x080033d4   0x00000070   Code   RO         1329    .text.osRtxThreadReadyPut  rtx_thread.o
    0x08003444   0x08003444   0x0000004c   Code   RO         1353    .text.osRtxThreadStartup  rtx_thread.o
    0x08003490   0x08003490   0x00000024   Code   RO         1337    .text.osRtxThreadSwitch  rtx_thread.o
    0x080034b4   0x080034b4   0x0000014e   Code   RO         1343    .text.osRtxThreadWaitEnter  rtx_thread.o
    0x08003602   0x08003602   0x00000002   PAD
    0x08003604   0x08003604   0x000000e0   Code   RO         1341    .text.osRtxThreadWaitExit  rtx_thread.o
    0x080036e4   0x080036e4   0x00000082   Code   RO         1307    .text.osRtxTick_Handler  rtx_system.o
    0x08003766   0x08003766   0x00000002   PAD
    0x08003768   0x08003768   0x00000006   Code   RO         1429    .text.osThreadEntry  rtx_thread.o
    0x0800376e   0x0800376e   0x00000002   PAD
    0x08003770   0x08003770   0x0000001a   Code   RO         1395    .text.osThreadExit  rtx_thread.o
    0x0800378a   0x0800378a   0x00000002   PAD
    0x0800378c   0x0800378c   0x00000090   Code   RO         1421    .text.osThreadFlagsSet  rtx_thread.o
    0x0800381c   0x0800381c   0x00000042   Code   RO         1427    .text.osThreadFlagsWait  rtx_thread.o
    0x0800385e   0x0800385e   0x00000002   PAD
    0x08003860   0x08003860   0x00000042   Code   RO         1357    .text.osThreadNew   rtx_thread.o
    0x080038a2   0x080038a2   0x00000002   PAD
    0x080038a4   0x080038a4   0x00000016   Code   RO         1025    .text.svcRtxKernelGetState  rtx_kernel.o
    0x080038ba   0x080038ba   0x00000002   PAD
    0x080038bc   0x080038bc   0x00000014   Code   RO         1049    .text.svcRtxKernelGetTickCount  rtx_kernel.o
    0x080038d0   0x080038d0   0x0000015e   Code   RO         1063    .text.svcRtxKernelInitialize  rtx_kernel.o
    0x08003a2e   0x08003a2e   0x00000002   PAD
    0x08003a30   0x08003a30   0x000000a2   Code   RO         1065    .text.svcRtxKernelStart  rtx_kernel.o
    0x08003ad2   0x08003ad2   0x00000002   PAD
    0x08003ad4   0x08003ad4   0x000000e8   Code   RO         1257    .text.svcRtxMutexAcquire  rtx_mutex.o
    0x08003bbc   0x08003bbc   0x000000d4   Code   RO         1263    .text.svcRtxMutexDelete  rtx_mutex.o
    0x08003c90   0x08003c90   0x000000a8   Code   RO         1255    .text.svcRtxMutexNew  rtx_mutex.o
    0x08003d38   0x08003d38   0x000000f4   Code   RO         1259    .text.svcRtxMutexRelease  rtx_mutex.o
    0x08003e2c   0x08003e2c   0x00000096   Code   RO         1453    .text.svcRtxThreadExit  rtx_thread.o
    0x08003ec2   0x08003ec2   0x00000002   PAD
    0x08003ec4   0x08003ec4   0x00000142   Code   RO         1469    .text.svcRtxThreadFlagsSet  rtx_thread.o
    0x08004006   0x08004006   0x00000002   PAD
    0x08004008   0x08004008   0x000000f6   Code   RO         1475    .text.svcRtxThreadFlagsWait  rtx_thread.o
    0x080040fe   0x080040fe   0x00000002   PAD
    0x08004100   0x08004100   0x00000278   Code   RO         1355    .text.svcRtxThreadNew  rtx_thread.o
    0x08004378   0x08004378   0x00000070   Data   RO         1103    .rodata             rtx_lib.o
    0x080043e8   0x080043e8   0x00000038   Data   RO         1106    .rodata             rtx_lib.o
    0x08004420   0x08004420   0x00000010   Data   RO          563    .rodata.AHBPrescTable  system_stm32f1xx.o
    0x08004430   0x08004430   0x00000008   Data   RO          564    .rodata.APBPrescTable  system_stm32f1xx.o
    0x08004438   0x08004438   0x00000002   Data   RO          194    .rodata.HAL_RCC_GetSysClockFreq.aPredivFactorTable  stm32f1xx_hal_rcc.o
    0x0800443a   0x0800443a   0x00000010   Data   RO          193    .rodata.cst16       stm32f1xx_hal_rcc.o
    0x0800444a   0x0800444a   0x00000002   PAD
    0x0800444c   0x0800444c   0x00000024   Data   RO           34    .rodata.irTaskAttr  main.o
    0x08004470   0x08004470   0x00000004   Data   RO         1105    .rodata.osRtxUserSVC  rtx_lib.o
    0x08004474   0x08004474   0x00000024   Data   RO         1102    .rodata.os_idle_thread_attr  rtx_lib.o
    0x08004498   0x08004498   0x00000018   Data   RO           38    .rodata.str1.1      main.o
    0x080044b0   0x080044b0   0x0000000b   Data   RO         1077    .rodata.str1.4      rtx_kernel.o
    0x080044bb   0x080044bb   0x00000001   PAD
    0x080044bc   0x080044bc   0x00000020   Data   RO         1738    Region$$Table       anon$$obj.o


    Execution Region RW_IRAM1 (Exec base: 0x20000000, Load base: 0x080044e0, Size: 0x00000e28, Max: 0x00005000, ABSOLUTE)

    Exec Addr    Load Addr    Size         Type   Attr      Idx    E Section Name        Object

    0x20000000   0x080044e0   0x00000008   Data   RW          156    .data..L_MergedGlobals  stm32f1xx_hal.o
    0x20000008   0x080044e8   0x00000004   Data   RW          562    .data.SystemCoreClock  system_stm32f1xx.o
    0x2000000c   0x080044ec   0x000000a4   Data   RW         1078    .data.os            rtx_kernel.o
    0x200000b0        -       0x00000060   Zero   RW         1603    .bss                c_w.l(libspace.o)
    0x20000110        -       0x00000050   Zero   RW           41    .bss..L_MergedGlobals  main.o
    0x20000160        -       0x00000044   Zero   RW           36    .bss.hdma_usart2_rx  main.o
    0x200001a4        -       0x00000044   Zero   RW           37    .bss.hdma_usart2_tx  main.o
    0x200001e8        -       0x00000048   Zero   RW           33    .bss.huart2         main.o
    0x20000230        -       0x00000088   Zero   RW           35    .bss.ir_buffer      main.o
    0x200002b8        -       0x00000810   Zero   RW         1101    .bss.os             rtx_lib.o
    0x20000ac8        -       0x00000001   Zero   RW         1541    .bss.os             os_systick.o
    0x20000ac9   0x08004590   0x00000003   PAD
    0x20000acc        -       0x00000050   Zero   RW         1108    .bss.os.thread.cb   rtx_lib.o
    0x20000b1c   0x08004590   0x00000004   PAD
    0x20000b20        -       0x00000100   Zero   RW         1109    .bss.os.thread.idle.stack  rtx_lib.o
    0x20000c20        -       0x00000001   Zero   RW         1110    .bss.os_kernel_is_active.os_kernel_active  rtx_lib.o
    0x20000c21   0x08004590   0x00000007   PAD
    0x20000c28        -       0x00000000   Zero   RW            2    HEAP                startup_stm32f103xb.o
    0x20000c28        -       0x00000200   Zero   RW            1    STACK               startup_stm32f103xb.o


==============================================================================

Image component sizes


      Code (inc. data)   RO Data    RW Data    ZI Data      Debug   Object Name

       152          8          0          0          0        690   irq_armv7m.o
      1324         32         60          0        424      15312   main.o
       140          0          0          0          1       4174   os_systick.o
         4          0          0          0          0        713   rtx_config.o
       100          0          0          0          0      25202   rtx_evr.o
       798          0         11        164          0      21589   rtx_kernel.o
       168          0        208          0       2401       7547   rtx_lib.o
       422          0          0          0          0       3309   rtx_memory.o
       356          0          0          0          0      20851   rtx_mempool.o
      1276          0          0          0          0      11996   rtx_mutex.o
       446         36          0          0          0       5634   rtx_system.o
      4422         10          0          0          0      57649   rtx_thread.o
        60         22        236          0        512        788   startup_stm32f103xb.o
        38          0          0          8          0       5824   stm32f1xx_hal.o
       152          0          0          0          0       8541   stm32f1xx_hal_cortex.o
       960          0          0          0          0       8578   stm32f1xx_hal_dma.o
       548         22          0          0          0       4772   stm32f1xx_hal_gpio.o
       312          0          0          0          0       5714   stm32f1xx_hal_msp.o
      1542          0         18          0          0       8083   stm32f1xx_hal_rcc.o
      3050          0          0          0          0      33168   stm32f1xx_hal_uart.o
        56          0          0          0          0       3965   stm32f1xx_it.o
         2          0         24          4          0       1590   system_stm32f1xx.o

    ----------------------------------------------------------------------
     16548        130        592        176       3352     255689   Object Totals
         0          0         32          0          0          0   (incl. Generated)
       220          0          3          0         14          0   (incl. Padding)

    ----------------------------------------------------------------------

      Code (inc. data)   RO Data    RW Data    ZI Data      Debug   Library Member Name

         8          0          0          0          0         68   __main.o
         0          0          0          0          0          0   __rtentry.o
        20          0          0          0          0          0   __rtentry2.o
         6          0          0          0          0          0   __rtentry4.o
        94          8          0          0          0          0   __scatter.o
        26          0          0          0          0          0   __scatter_copy.o
        28          0          0          0          0          0   __scatter_zi.o
        16          0          0          0          0         68   aeabi_memset4.o
        18          0          0          0          0         80   exit.o
         6          0          0          0          0        152   heapauxi.o
         0          0          0          0          0          0   indicate_semi.o
         2          0          0          0          0          0   libinit.o
         2          0          0          0          0          0   libinit2.o
         2          0          0          0          0          0   libshutdown.o
         2          0          0          0          0          0   libshutdown2.o
         8          4          0          0         96         68   libspace.o
        78          0          0          0          0         80   rt_memclr_w.o
         2          0          0          0          0          0   rtexit.o
        10          0          0          0          0          0   rtexit2.o
        62          0          0          0          0         76   strlen.o
        12          4          0          0          0         68   sys_exit.o
        74          0          0          0          0         80   sys_stackheap_outer.o
         2          0          0          0          0         68   use_no_semi.o

    ----------------------------------------------------------------------
       488         16          0          0         96        808   Library Totals
        10          0          0          0          0          0   (incl. Padding)

    ----------------------------------------------------------------------

      Code (inc. data)   RO Data    RW Data    ZI Data      Debug   Library Name

       478         16          0          0         96        808   c_w.l

    ----------------------------------------------------------------------
       488         16          0          0         96        808   Library Totals

    ----------------------------------------------------------------------

==============================================================================


      Code (inc. data)   RO Data    RW Data    ZI Data      Debug   

     17036        146        592        176       3448     255921   Grand Totals
     17036        146        592        176       3448     255921   ELF Image Totals
     17036        146        592        176          0          0   ROM Totals

==============================================================================

    Total RO  Size (Code + RO Data)                17628 (  17.21kB)
    Total RW  Size (RW Data + ZI Data)              3624 (   3.54kB)
    Total ROM Size (Code + RO Data + RW Data)      17804 (  17.39kB)

==============================================================================

